Component: ARM Compiler 5.05 update 2 (build 169) Tool: armlink [4d0f33]

==============================================================================

Section Cross References

    main.o(i.main) refers to stm32f7xx_hal.o(i.HAL_Init) for HAL_Init
    main.o(i.main) refers to hal.o(.data) for HAL
    hal.o(i.SystemClock_Config) refers to stm32f7xx_hal_rcc.o(i.HAL_RCC_OscConfig) for HAL_RCC_OscConfig
    hal.o(i.SystemClock_Config) refers to stm32f7xx_hal_pwr_ex.o(i.HAL_PWREx_EnableOverDrive) for HAL_PWREx_EnableOverDrive
    hal.o(i.SystemClock_Config) refers to stm32f7xx_hal_rcc.o(i.HAL_RCC_ClockConfig) for HAL_RCC_ClockConfig
    hal.o(i.halLib_Init) refers to hal.o(i.SystemClock_Config) for SystemClock_Config
    hal.o(i.halLib_Init) refers to led.o(i.led_port_init) for led_port_init
    hal.o(i.halLib_Init) refers to uart.o(i.uart_init) for uart_init
    hal.o(.constdata) refers to hal.o(i.halLib_Init) for halLib_Init
    hal.o(.constdata) refers to uart.o(i.uart_init) for uart_init
    hal.o(.constdata) refers to uart.o(i.uartWrite) for uartWrite
    hal.o(.constdata) refers to uart.o(i.setIrqFunc) for setIrqFunc
    hal.o(.constdata) refers to uart.o(i.uartWriteS) for uartWriteS
    hal.o(.constdata) refers to button.o(i.button_init) for button_init
    hal.o(.constdata) refers to button.o(i.setButtonIrqFunc) for setButtonIrqFunc
    hal.o(.constdata) refers to led.o(i.led_port_init) for led_port_init
    hal.o(.constdata) refers to led.o(i.ledOn) for ledOn
    hal.o(.constdata) refers to led.o(i.ledOff) for ledOff
    hal.o(.constdata) refers to led.o(i.ledToggle) for ledToggle
    hal.o(.data) refers to hal.o(.constdata) for halLib
    led.o(i.ledOff) refers to stm32f7xx_hal_gpio.o(i.HAL_GPIO_WritePin) for HAL_GPIO_WritePin
    led.o(i.ledOn) refers to stm32f7xx_hal_gpio.o(i.HAL_GPIO_WritePin) for HAL_GPIO_WritePin
    led.o(i.ledToggle) refers to stm32f7xx_hal_gpio.o(i.HAL_GPIO_TogglePin) for HAL_GPIO_TogglePin
    led.o(i.led_port_init) refers to stm32f7xx_hal_gpio.o(i.HAL_GPIO_Init) for HAL_GPIO_Init
    button.o(i.EXTI15_10_IRQHandler) refers to button.o(.data) for button
    button.o(i.button_init) refers to stm32f7xx_hal_gpio.o(i.HAL_GPIO_Init) for HAL_GPIO_Init
    button.o(i.setButtonIrqFunc) refers to button.o(.data) for button
    uart.o(i.USART1_IRQHandler) refers to uart.o(i.uartWriteS) for uartWriteS
    uart.o(i.USART1_IRQHandler) refers to uart.o(i.uartWrite) for uartWrite
    uart.o(i.USART1_IRQHandler) refers to uart.o(.data) for rx
    uart.o(i.setIrqFunc) refers to uart.o(.data) for uartRE
    uart.o(i.setIrqFunc) refers to uart.o(.bss) for USART_HandleStruct
    uart.o(i.uartWriteS) refers to uart.o(i.uartWrite) for uartWrite
    uart.o(i.uartWriteS) refers to uart.o(.bss) for USART_HandleStruct
    uart.o(i.uart_init) refers to stm32f7xx_hal_gpio.o(i.HAL_GPIO_Init) for HAL_GPIO_Init
    uart.o(i.uart_init) refers to stm32f7xx_hal_uart.o(i.HAL_UART_Init) for HAL_UART_Init
    uart.o(i.uart_init) refers to uart.o(.bss) for USART_HandleStruct
    itoa.o(i.itoa) refers to itoa.o(i.__reverse) for __reverse
    itoa.o(i.itoa) refers to itoa.o(.constdata) for digits
    sd_card.o(i.fatFS_test) refers to ff_gen_drv.o(i.FATFS_LinkDriver) for FATFS_LinkDriver
    sd_card.o(i.fatFS_test) refers to ff.o(i.f_mount) for f_mount
    sd_card.o(i.fatFS_test) refers to ff.o(i.f_open) for f_open
    sd_card.o(i.fatFS_test) refers to ff.o(i.f_write) for f_write
    sd_card.o(i.fatFS_test) refers to ff.o(i.f_close) for f_close
    sd_card.o(i.fatFS_test) refers to ff.o(i.f_read) for f_read
    sd_card.o(i.fatFS_test) refers to ff_gen_drv.o(i.FATFS_UnLinkDriver) for FATFS_UnLinkDriver
    sd_card.o(i.fatFS_test) refers to stm32f7xx_hal.o(i.HAL_Delay) for HAL_Delay
    sd_card.o(i.fatFS_test) refers to hal.o(.data) for HAL
    sd_card.o(i.fatFS_test) refers to sd_card.o(.data) for SDPath
    sd_card.o(i.fatFS_test) refers to sd_diskio.o(.constdata) for SD_Driver
    sd_card.o(i.fatFS_test) refers to sd_card.o(.bss) for SDFatFs
    lcd.o(i.lcd_test) refers to stm32f7_lcd.o(i.BSP_LCD_Init) for BSP_LCD_Init
    lcd.o(i.lcd_test) refers to stm32f7_lcd.o(i.BSP_LCD_LayerDefaultInit) for BSP_LCD_LayerDefaultInit
    lcd.o(i.lcd_test) refers to stm32f7_lcd.o(i.BSP_LCD_GetXSize) for BSP_LCD_GetXSize
    lcd.o(i.lcd_test) refers to stm32f7_lcd.o(i.BSP_LCD_GetYSize) for BSP_LCD_GetYSize
    lcd.o(i.lcd_test) refers to stm32f7_lcd.o(i.BSP_LCD_DisplayOn) for BSP_LCD_DisplayOn
    lcd.o(i.lcd_test) refers to stm32f7_lcd.o(i.BSP_LCD_SelectLayer) for BSP_LCD_SelectLayer
    lcd.o(i.lcd_test) refers to stm32f7_lcd.o(i.BSP_LCD_Clear) for BSP_LCD_Clear
    lcd.o(i.lcd_test) refers to stm32f7_lcd.o(i.BSP_LCD_SetTransparency) for BSP_LCD_SetTransparency
    lcd.o(i.lcd_test) refers to stm32f7_lcd.o(i.BSP_LCD_SetBackColor) for BSP_LCD_SetBackColor
    lcd.o(i.lcd_test) refers to stm32f7_lcd.o(i.BSP_LCD_SetTextColor) for BSP_LCD_SetTextColor
[...]
    Removing stm32f7xx_hal_usart.o(i.USART_SetConfig), (508 bytes).
    Removing stm32f7xx_hal_usart.o(i.USART_TransmitReceive_IT), (224 bytes).
    Removing stm32f7xx_hal_usart.o(i.USART_Transmit_IT), (100 bytes).
    Removing stm32f7xx_hal_usart.o(i.USART_WaitOnFlagUntilTimeout), (246 bytes).
    Removing stm32f7xx_hal_dma2d.o(.rev16_text), (4 bytes).
    Removing stm32f7xx_hal_dma2d.o(.revsh_text), (4 bytes).
    Removing stm32f7xx_hal_dma2d.o(.rrx_text), (6 bytes).
    Removing stm32f7xx_hal_dma2d.o(i.DMA2D_SetConfig), (230 bytes).
    Removing stm32f7xx_hal_dma2d.o(i.HAL_DMA2D_Abort), (96 bytes).
    Removing stm32f7xx_hal_dma2d.o(i.HAL_DMA2D_BlendingStart), (94 bytes).
    Removing stm32f7xx_hal_dma2d.o(i.HAL_DMA2D_BlendingStart_IT), (130 bytes).
    Removing stm32f7xx_hal_dma2d.o(i.HAL_DMA2D_ConfigCLUT), (96 bytes).
    Removing stm32f7xx_hal_dma2d.o(i.HAL_DMA2D_ConfigLayer), (284 bytes).
    Removing stm32f7xx_hal_dma2d.o(i.HAL_DMA2D_DeInit), (36 bytes).
    Removing stm32f7xx_hal_dma2d.o(i.HAL_DMA2D_DisableCLUT), (34 bytes).
    Removing stm32f7xx_hal_dma2d.o(i.HAL_DMA2D_EnableCLUT), (34 bytes).
    Removing stm32f7xx_hal_dma2d.o(i.HAL_DMA2D_GetError), (6 bytes).
    Removing stm32f7xx_hal_dma2d.o(i.HAL_DMA2D_GetState), (8 bytes).
    Removing stm32f7xx_hal_dma2d.o(i.HAL_DMA2D_IRQHandler), (218 bytes).
    Removing stm32f7xx_hal_dma2d.o(i.HAL_DMA2D_Init), (98 bytes).
    Removing stm32f7xx_hal_dma2d.o(i.HAL_DMA2D_MspDeInit), (2 bytes).
    Removing stm32f7xx_hal_dma2d.o(i.HAL_DMA2D_MspInit), (2 bytes).
    Removing stm32f7xx_hal_dma2d.o(i.HAL_DMA2D_PollForTransfer), (262 bytes).
    Removing stm32f7xx_hal_dma2d.o(i.HAL_DMA2D_ProgramLineEvent), (60 bytes).
    Removing stm32f7xx_hal_dma2d.o(i.HAL_DMA2D_Resume), (24 bytes).
    Removing stm32f7xx_hal_dma2d.o(i.HAL_DMA2D_Start), (90 bytes).
    Removing stm32f7xx_hal_dma2d.o(i.HAL_DMA2D_Start_IT), (126 bytes).
    Removing stm32f7xx_hal_dma2d.o(i.HAL_DMA2D_Suspend), (76 bytes).
    Removing stm32f7xx_ll_fmc.o(.rev16_text), (4 bytes).
    Removing stm32f7xx_ll_fmc.o(.revsh_text), (4 bytes).
    Removing stm32f7xx_ll_fmc.o(.rrx_text), (6 bytes).
    Removing stm32f7xx_ll_fmc.o(i.FMC_NAND_AttributeSpace_Timing_Init), (40 bytes).
    Removing stm32f7xx_ll_fmc.o(i.FMC_NAND_CommonSpace_Timing_Init), (40 bytes).
    Removing stm32f7xx_ll_fmc.o(i.FMC_NAND_DeInit), (30 bytes).
    Removing stm32f7xx_ll_fmc.o(i.FMC_NAND_ECC_Disable), (14 bytes).
    Removing stm32f7xx_ll_fmc.o(i.FMC_NAND_ECC_Enable), (14 bytes).
    Removing stm32f7xx_ll_fmc.o(i.FMC_NAND_GetECC), (62 bytes).
    Removing stm32f7xx_ll_fmc.o(i.FMC_NAND_Init), (56 bytes).
    Removing stm32f7xx_ll_fmc.o(i.FMC_NORSRAM_DeInit), (56 bytes).
    Removing stm32f7xx_ll_fmc.o(i.FMC_NORSRAM_Extended_Timing_Init), (72 bytes).
    Removing stm32f7xx_ll_fmc.o(i.FMC_NORSRAM_Init), (140 bytes).
    Removing stm32f7xx_ll_fmc.o(i.FMC_NORSRAM_Timing_Init), (94 bytes).
    Removing stm32f7xx_ll_fmc.o(i.FMC_NORSRAM_WriteOperation_Disable), (18 bytes).
    Removing stm32f7xx_ll_fmc.o(i.FMC_NORSRAM_WriteOperation_Enable), (18 bytes).
    Removing stm32f7xx_ll_fmc.o(i.FMC_SDRAM_DeInit), (32 bytes).
    Removing stm32f7xx_ll_fmc.o(i.FMC_SDRAM_GetModeStatus), (24 bytes).
    Removing stm32f7xx_ll_fmc.o(i.FMC_SDRAM_Init), (116 bytes).
    Removing stm32f7xx_ll_fmc.o(i.FMC_SDRAM_ProgramRefreshRate), (14 bytes).
    Removing stm32f7xx_ll_fmc.o(i.FMC_SDRAM_SendCommand), (82 bytes).
    Removing stm32f7xx_ll_fmc.o(i.FMC_SDRAM_SetAutoRefreshNumber), (14 bytes).
    Removing stm32f7xx_ll_fmc.o(i.FMC_SDRAM_Timing_Init), (152 bytes).
    Removing stm32f7xx_ll_fmc.o(i.FMC_SDRAM_WriteProtection_Disable), (18 bytes).
    Removing stm32f7xx_ll_fmc.o(i.FMC_SDRAM_WriteProtection_Enable), (18 bytes).
    Removing stm32f7xx_hal_sd.o(.rev16_text), (4 bytes).
    Removing stm32f7xx_hal_sd.o(.revsh_text), (4 bytes).
    Removing stm32f7xx_hal_sd.o(.rrx_text), (6 bytes).
    Removing stm32f7xx_hal_sd.o(i.HAL_SD_CheckReadOperation), (124 bytes).
    Removing stm32f7xx_hal_sd.o(i.HAL_SD_CheckWriteOperation), (136 bytes).
    Removing stm32f7xx_hal_sd.o(i.HAL_SD_DMA_RxCpltCallback), (2 bytes).
    Removing stm32f7xx_hal_sd.o(i.HAL_SD_DMA_RxErrorCallback), (2 bytes).
    Removing stm32f7xx_hal_sd.o(i.HAL_SD_DMA_TxCpltCallback), (2 bytes).
    Removing stm32f7xx_hal_sd.o(i.HAL_SD_DMA_TxErrorCallback), (2 bytes).
    Removing stm32f7xx_hal_sd.o(i.HAL_SD_DeInit), (20 bytes).
    Removing stm32f7xx_hal_sd.o(i.HAL_SD_Erase), (344 bytes).
    Removing stm32f7xx_hal_sd.o(i.HAL_SD_GetCardStatus), (174 bytes).
    Removing stm32f7xx_hal_sd.o(i.HAL_SD_GetStatus), (34 bytes).
    Removing stm32f7xx_hal_sd.o(i.HAL_SD_Get_CardInfo), (708 bytes).
    Removing stm32f7xx_hal_sd.o(i.HAL_SD_HighSpeed), (368 bytes).
    Removing stm32f7xx_hal_sd.o(i.HAL_SD_IRQHandler), (162 bytes).
    Removing stm32f7xx_hal_sd.o(i.HAL_SD_Init), (156 bytes).
    Removing stm32f7xx_hal_sd.o(i.HAL_SD_MspDeInit), (2 bytes).
    Removing stm32f7xx_hal_sd.o(i.HAL_SD_MspInit), (2 bytes).
    Removing stm32f7xx_hal_sd.o(i.HAL_SD_ReadBlocks), (468 bytes).
    Removing stm32f7xx_hal_sd.o(i.HAL_SD_ReadBlocks_DMA), (288 bytes).
    Removing stm32f7xx_hal_sd.o(i.HAL_SD_SendSDStatus), (342 bytes).
    Removing stm32f7xx_hal_sd.o(i.HAL_SD_StopTransfer), (54 bytes).
    Removing stm32f7xx_hal_sd.o(i.HAL_SD_WideBusOperation_Config), (126 bytes).
    Removing stm32f7xx_hal_sd.o(i.HAL_SD_WriteBlocks), (622 bytes).
    Removing stm32f7xx_hal_sd.o(i.HAL_SD_WriteBlocks_DMA), (284 bytes).
    Removing stm32f7xx_hal_sd.o(i.HAL_SD_XferCpltCallback), (2 bytes).
    Removing stm32f7xx_hal_sd.o(i.HAL_SD_XferErrorCallback), (2 bytes).
    Removing stm32f7xx_hal_sd.o(i.SD_CmdError), (54 bytes).
    Removing stm32f7xx_hal_sd.o(i.SD_CmdResp1Error), (388 bytes).
    Removing stm32f7xx_hal_sd.o(i.SD_CmdResp2Error), (70 bytes).
    Removing stm32f7xx_hal_sd.o(i.SD_CmdResp3Error), (50 bytes).
    Removing stm32f7xx_hal_sd.o(i.SD_CmdResp6Error), (174 bytes).
    Removing stm32f7xx_hal_sd.o(i.SD_CmdResp7Error), (102 bytes).
    Removing stm32f7xx_hal_sd.o(i.SD_DMA_RxCplt), (32 bytes).
    Removing stm32f7xx_hal_sd.o(i.SD_DMA_RxError), (14 bytes).
    Removing stm32f7xx_hal_sd.o(i.SD_DMA_TxCplt), (32 bytes).
    Removing stm32f7xx_hal_sd.o(i.SD_DMA_TxError), (14 bytes).
    Removing stm32f7xx_hal_sd.o(i.SD_FindSCR), (346 bytes).
    Removing stm32f7xx_hal_sd.o(i.SD_GetState), (30 bytes).
    Removing stm32f7xx_hal_sd.o(i.SD_Initialize_Cards), (266 bytes).
    Removing stm32f7xx_hal_sd.o(i.SD_IsCardProgramming), (472 bytes).
    Removing stm32f7xx_hal_sd.o(i.SD_PowerOFF), (16 bytes).
    Removing stm32f7xx_hal_sd.o(i.SD_PowerON), (364 bytes).
    Removing stm32f7xx_hal_sd.o(i.SD_Select_Deselect), (56 bytes).
    Removing stm32f7xx_hal_sd.o(i.SD_SendStatus), (82 bytes).
    Removing stm32f7xx_hal_sd.o(i.SD_WideBus_Disable), (154 bytes).
    Removing stm32f7xx_hal_sd.o(i.SD_WideBus_Enable), (154 bytes).
    Removing stm32f7xx_ll_sdmmc.o(.rev16_text), (4 bytes).
    Removing stm32f7xx_ll_sdmmc.o(.revsh_text), (4 bytes).
    Removing stm32f7xx_ll_sdmmc.o(.rrx_text), (6 bytes).
    Removing stm32f7xx_ll_sdmmc.o(i.SDMMC_DataConfig), (44 bytes).
    Removing stm32f7xx_ll_sdmmc.o(i.SDMMC_GetCommandResponse), (8 bytes).
    Removing stm32f7xx_ll_sdmmc.o(i.SDMMC_GetDataCounter), (6 bytes).
    Removing stm32f7xx_ll_sdmmc.o(i.SDMMC_GetFIFOCount), (8 bytes).
    Removing stm32f7xx_ll_sdmmc.o(i.SDMMC_GetPowerState), (10 bytes).
    Removing stm32f7xx_ll_sdmmc.o(i.SDMMC_GetResponse), (22 bytes).
    Removing stm32f7xx_ll_sdmmc.o(i.SDMMC_Init), (52 bytes).
    Removing stm32f7xx_ll_sdmmc.o(i.SDMMC_PowerState_OFF), (8 bytes).
    Removing stm32f7xx_ll_sdmmc.o(i.SDMMC_PowerState_ON), (10 bytes).
    Removing stm32f7xx_ll_sdmmc.o(i.SDMMC_ReadFIFO), (8 bytes).
    Removing stm32f7xx_ll_sdmmc.o(i.SDMMC_SendCommand), (40 bytes).
    Removing stm32f7xx_ll_sdmmc.o(i.SDMMC_SetSDMMCReadWaitMode), (12 bytes).
    Removing stm32f7xx_ll_sdmmc.o(i.SDMMC_WriteFIFO), (12 bytes).
    Removing stm32746g_discovery_sd.o(.rev16_text), (4 bytes).
    Removing stm32746g_discovery_sd.o(.revsh_text), (4 bytes).
    Removing stm32746g_discovery_sd.o(.rrx_text), (6 bytes).
    Removing stm32746g_discovery_sd.o(i.BSP_SD_DMA_Rx_IRQHandler), (16 bytes).
    Removing stm32746g_discovery_sd.o(i.BSP_SD_DMA_Tx_IRQHandler), (16 bytes).
    Removing stm32746g_discovery_sd.o(i.BSP_SD_DeInit), (48 bytes).
    Removing stm32746g_discovery_sd.o(i.BSP_SD_Detect_MspInit), (76 bytes).
    Removing stm32746g_discovery_sd.o(i.BSP_SD_Erase), (44 bytes).
    Removing stm32746g_discovery_sd.o(i.BSP_SD_GetCardInfo), (20 bytes).
    Removing stm32746g_discovery_sd.o(i.BSP_SD_GetStatus), (16 bytes).
    Removing stm32746g_discovery_sd.o(i.BSP_SD_IRQHandler), (16 bytes).
    Removing stm32746g_discovery_sd.o(i.BSP_SD_ITConfig), (60 bytes).
    Removing stm32746g_discovery_sd.o(i.BSP_SD_Init), (100 bytes).
    Removing stm32746g_discovery_sd.o(i.BSP_SD_IsDetected), (32 bytes).
    Removing stm32746g_discovery_sd.o(i.BSP_SD_MspDeInit), (80 bytes).
    Removing stm32746g_discovery_sd.o(i.BSP_SD_MspInit), (412 bytes).
    Removing stm32746g_discovery_sd.o(i.BSP_SD_ReadBlocks), (48 bytes).
    Removing stm32746g_discovery_sd.o(i.BSP_SD_ReadBlocks_DMA), (68 bytes).
    Removing stm32746g_discovery_sd.o(i.BSP_SD_WriteBlocks), (48 bytes).
    Removing stm32746g_discovery_sd.o(i.BSP_SD_WriteBlocks_DMA), (68 bytes).
    Removing stm32746g_discovery_sd.o(.bss), (536 bytes).
    Removing stm32f7xx_hal_sdram.o(.rev16_text), (4 bytes).
    Removing stm32f7xx_hal_sdram.o(.revsh_text), (4 bytes).
    Removing stm32f7xx_hal_sdram.o(.rrx_text), (6 bytes).
    Removing stm32f7xx_hal_sdram.o(i.HAL_SDRAM_DMA_XferCpltCallback), (2 bytes).
    Removing stm32f7xx_hal_sdram.o(i.HAL_SDRAM_DMA_XferErrorCallback), (2 bytes).
    Removing stm32f7xx_hal_sdram.o(i.HAL_SDRAM_DeInit), (34 bytes).
    Removing stm32f7xx_hal_sdram.o(i.HAL_SDRAM_GetModeStatus), (14 bytes).
    Removing stm32f7xx_hal_sdram.o(i.HAL_SDRAM_GetState), (8 bytes).
    Removing stm32f7xx_hal_sdram.o(i.HAL_SDRAM_IRQHandler), (34 bytes).
    Removing stm32f7xx_hal_sdram.o(i.HAL_SDRAM_Init), (64 bytes).
    Removing stm32f7xx_hal_sdram.o(i.HAL_SDRAM_MspDeInit), (2 bytes).
    Removing stm32f7xx_hal_sdram.o(i.HAL_SDRAM_MspInit), (2 bytes).
    Removing stm32f7xx_hal_sdram.o(i.HAL_SDRAM_ProgramRefreshRate), (40 bytes).
    Removing stm32f7xx_hal_sdram.o(i.HAL_SDRAM_Read_16b), (80 bytes).
    Removing stm32f7xx_hal_sdram.o(i.HAL_SDRAM_Read_32b), (80 bytes).
    Removing stm32f7xx_hal_sdram.o(i.HAL_SDRAM_Read_8b), (80 bytes).
    Removing stm32f7xx_hal_sdram.o(i.HAL_SDRAM_Read_DMA), (104 bytes).
    Removing stm32f7xx_hal_sdram.o(i.HAL_SDRAM_RefreshErrorCallback), (2 bytes).
    Removing stm32f7xx_hal_sdram.o(i.HAL_SDRAM_SendCommand), (58 bytes).
    Removing stm32f7xx_hal_sdram.o(i.HAL_SDRAM_SetAutoRefreshNumber), (40 bytes).
    Removing stm32f7xx_hal_sdram.o(i.HAL_SDRAM_WriteProtection_Disable), (38 bytes).
    Removing stm32f7xx_hal_sdram.o(i.HAL_SDRAM_WriteProtection_Enable), (38 bytes).
    Removing stm32f7xx_hal_sdram.o(i.HAL_SDRAM_Write_16b), (86 bytes).
    Removing stm32f7xx_hal_sdram.o(i.HAL_SDRAM_Write_32b), (86 bytes).
    Removing stm32f7xx_hal_sdram.o(i.HAL_SDRAM_Write_8b), (86 bytes).
    Removing stm32f7xx_hal_sdram.o(i.HAL_SDRAM_Write_DMA), (108 bytes).
    Removing stm32746g_discovery_sdram.o(.rev16_text), (4 bytes).
    Removing stm32746g_discovery_sdram.o(.revsh_text), (4 bytes).
    Removing stm32746g_discovery_sdram.o(.rrx_text), (6 bytes).
    Removing stm32746g_discovery_sdram.o(i.BSP_SDRAM_DMA_IRQHandler), (16 bytes).
    Removing stm32746g_discovery_sdram.o(i.BSP_SDRAM_DeInit), (56 bytes).
    Removing stm32746g_discovery_sdram.o(i.BSP_SDRAM_Init), (140 bytes).
    Removing stm32746g_discovery_sdram.o(i.BSP_SDRAM_Initialization_sequence), (152 bytes).
    Removing stm32746g_discovery_sdram.o(i.BSP_SDRAM_MspDeInit), (36 bytes).
    Removing stm32746g_discovery_sdram.o(i.BSP_SDRAM_MspInit), (456 bytes).
    Removing stm32746g_discovery_sdram.o(i.BSP_SDRAM_ReadData), (36 bytes).
    Removing stm32746g_discovery_sdram.o(i.BSP_SDRAM_ReadData_DMA), (36 bytes).
    Removing stm32746g_discovery_sdram.o(i.BSP_SDRAM_Sendcmd), (32 bytes).
    Removing stm32746g_discovery_sdram.o(i.BSP_SDRAM_WriteData), (36 bytes).
    Removing stm32746g_discovery_sdram.o(i.BSP_SDRAM_WriteData_DMA), (36 bytes).
    Removing stm32746g_discovery_sdram.o(.bss), (272 bytes).
    Removing stm32746g_discovery_sdram.o(.data), (2 bytes).
    Removing stm32f7xx_hal_ltdc.o(.rev16_text), (4 bytes).
    Removing stm32f7xx_hal_ltdc.o(.revsh_text), (4 bytes).
    Removing stm32f7xx_hal_ltdc.o(.rrx_text), (6 bytes).
    Removing stm32f7xx_hal_ltdc.o(i.HAL_LTDC_ConfigCLUT), (180 bytes).
    Removing stm32f7xx_hal_ltdc.o(i.HAL_LTDC_ConfigColorKeying), (96 bytes).
    Removing stm32f7xx_hal_ltdc.o(i.HAL_LTDC_ConfigLayer), (94 bytes).
    Removing stm32f7xx_hal_ltdc.o(i.HAL_LTDC_DeInit), (30 bytes).
    Removing stm32f7xx_hal_ltdc.o(i.HAL_LTDC_DisableCLUT), (76 bytes).
    Removing stm32f7xx_hal_ltdc.o(i.HAL_LTDC_DisableColorKeying), (76 bytes).
    Removing stm32f7xx_hal_ltdc.o(i.HAL_LTDC_DisableDither), (68 bytes).
    Removing stm32f7xx_hal_ltdc.o(i.HAL_LTDC_EnableCLUT), (76 bytes).
    Removing stm32f7xx_hal_ltdc.o(i.HAL_LTDC_EnableColorKeying), (76 bytes).
    Removing stm32f7xx_hal_ltdc.o(i.HAL_LTDC_EnableDither), (68 bytes).
    Removing stm32f7xx_hal_ltdc.o(i.HAL_LTDC_ErrorCallback), (2 bytes).
    Removing stm32f7xx_hal_ltdc.o(i.HAL_LTDC_GetError), (8 bytes).
    Removing stm32f7xx_hal_ltdc.o(i.HAL_LTDC_GetState), (8 bytes).
    Removing stm32f7xx_hal_ltdc.o(i.HAL_LTDC_IRQHandler), (208 bytes).
    Removing stm32f7xx_hal_ltdc.o(i.HAL_LTDC_Init), (296 bytes).
    Removing stm32f7xx_hal_ltdc.o(i.HAL_LTDC_LineEventCallback), (2 bytes).
    Removing stm32f7xx_hal_ltdc.o(i.HAL_LTDC_MspDeInit), (2 bytes).
    Removing stm32f7xx_hal_ltdc.o(i.HAL_LTDC_MspInit), (2 bytes).
    Removing stm32f7xx_hal_ltdc.o(i.HAL_LTDC_ProgramLineEvent), (72 bytes).
    Removing stm32f7xx_hal_ltdc.o(i.HAL_LTDC_SetAddress), (92 bytes).
    Removing stm32f7xx_hal_ltdc.o(i.HAL_LTDC_SetAlpha), (92 bytes).
    Removing stm32f7xx_hal_ltdc.o(i.HAL_LTDC_SetPixelFormat), (92 bytes).
    Removing stm32f7xx_hal_ltdc.o(i.HAL_LTDC_SetWindowPosition), (108 bytes).
    Removing stm32f7xx_hal_ltdc.o(i.HAL_LTDC_SetWindowSize), (116 bytes).
    Removing stm32f7xx_hal_ltdc.o(i.LTDC_SetConfig), (530 bytes).
    Removing stm32f7xx_hal_i2c.o(.rev16_text), (4 bytes).
    Removing stm32f7xx_hal_i2c.o(.revsh_text), (4 bytes).
    Removing stm32f7xx_hal_i2c.o(.rrx_text), (6 bytes).
    Removing stm32f7xx_hal_i2c.o(i.HAL_I2C_DeInit), (54 bytes).
    Removing stm32f7xx_hal_i2c.o(i.HAL_I2C_ER_IRQHandler), (130 bytes).
    Removing stm32f7xx_hal_i2c.o(i.HAL_I2C_EV_IRQHandler), (386 bytes).
    Removing stm32f7xx_hal_i2c.o(i.HAL_I2C_ErrorCallback), (2 bytes).
    Removing stm32f7xx_hal_i2c.o(i.HAL_I2C_GetError), (6 bytes).
    Removing stm32f7xx_hal_i2c.o(i.HAL_I2C_GetState), (8 bytes).
    Removing stm32f7xx_hal_i2c.o(i.HAL_I2C_Init), (180 bytes).
    Removing stm32f7xx_hal_i2c.o(i.HAL_I2C_IsDeviceReady), (344 bytes).
    Removing stm32f7xx_hal_i2c.o(i.HAL_I2C_MasterRxCpltCallback), (2 bytes).
    Removing stm32f7xx_hal_i2c.o(i.HAL_I2C_MasterTxCpltCallback), (2 bytes).
    Removing stm32f7xx_hal_i2c.o(i.HAL_I2C_Master_Receive), (308 bytes).
    Removing stm32f7xx_hal_i2c.o(i.HAL_I2C_Master_Receive_DMA), (232 bytes).
    Removing stm32f7xx_hal_i2c.o(i.HAL_I2C_Master_Receive_IT), (178 bytes).
    Removing stm32f7xx_hal_i2c.o(i.HAL_I2C_Master_Transmit), (320 bytes).
    Removing stm32f7xx_hal_i2c.o(i.HAL_I2C_Master_Transmit_DMA), (244 bytes).
    Removing stm32f7xx_hal_i2c.o(i.HAL_I2C_Master_Transmit_IT), (174 bytes).
    Removing stm32f7xx_hal_i2c.o(i.HAL_I2C_MemRxCpltCallback), (2 bytes).
    Removing stm32f7xx_hal_i2c.o(i.HAL_I2C_MemTxCpltCallback), (2 bytes).
    Removing stm32f7xx_hal_i2c.o(i.HAL_I2C_Mem_Read), (372 bytes).
    Removing stm32f7xx_hal_i2c.o(i.HAL_I2C_Mem_Read_DMA), (288 bytes).
    Removing stm32f7xx_hal_i2c.o(i.HAL_I2C_Mem_Read_IT), (234 bytes).
    Removing stm32f7xx_hal_i2c.o(i.HAL_I2C_Mem_Write), (376 bytes).
    Removing stm32f7xx_hal_i2c.o(i.HAL_I2C_Mem_Write_DMA), (296 bytes).
    Removing stm32f7xx_hal_i2c.o(i.HAL_I2C_Mem_Write_IT), (234 bytes).
    Removing stm32f7xx_hal_i2c.o(i.HAL_I2C_MspDeInit), (2 bytes).
    Removing stm32f7xx_hal_i2c.o(i.HAL_I2C_MspInit), (2 bytes).
    Removing stm32f7xx_hal_i2c.o(i.HAL_I2C_SlaveRxCpltCallback), (2 bytes).
    Removing stm32f7xx_hal_i2c.o(i.HAL_I2C_SlaveTxCpltCallback), (2 bytes).
    Removing stm32f7xx_hal_i2c.o(i.HAL_I2C_Slave_Receive), (302 bytes).
    Removing stm32f7xx_hal_i2c.o(i.HAL_I2C_Slave_Receive_DMA), (208 bytes).
    Removing stm32f7xx_hal_i2c.o(i.HAL_I2C_Slave_Receive_IT), (100 bytes).
    Removing stm32f7xx_hal_i2c.o(i.HAL_I2C_Slave_Transmit), (348 bytes).
    Removing stm32f7xx_hal_i2c.o(i.HAL_I2C_Slave_Transmit_DMA), (256 bytes).
    Removing stm32f7xx_hal_i2c.o(i.HAL_I2C_Slave_Transmit_IT), (100 bytes).
    Removing stm32f7xx_hal_i2c.o(i.I2C_DMAError), (44 bytes).
    Removing stm32f7xx_hal_i2c.o(i.I2C_DMAMasterReceiveCplt), (452 bytes).
    Removing stm32f7xx_hal_i2c.o(i.I2C_DMAMasterTransmitCplt), (436 bytes).
    Removing stm32f7xx_hal_i2c.o(i.I2C_DMAMemReceiveCplt), (452 bytes).
    Removing stm32f7xx_hal_i2c.o(i.I2C_DMAMemTransmitCplt), (436 bytes).
    Removing stm32f7xx_hal_i2c.o(i.I2C_DMASlaveReceiveCplt), (122 bytes).
    Removing stm32f7xx_hal_i2c.o(i.I2C_DMASlaveTransmitCplt), (106 bytes).
    Removing stm32f7xx_hal_i2c.o(i.I2C_IsAcknowledgeFailed), (184 bytes).
    Removing stm32f7xx_hal_i2c.o(i.I2C_MasterReceive_ISR), (368 bytes).
    Removing stm32f7xx_hal_i2c.o(i.I2C_MasterTransmit_ISR), (364 bytes).
    Removing stm32f7xx_hal_i2c.o(i.I2C_RequestMemoryRead), (130 bytes).
    Removing stm32f7xx_hal_i2c.o(i.I2C_RequestMemoryWrite), (130 bytes).
    Removing stm32f7xx_hal_i2c.o(i.I2C_SlaveReceive_ISR), (200 bytes).
    Removing stm32f7xx_hal_i2c.o(i.I2C_SlaveTransmit_ISR), (218 bytes).
    Removing stm32f7xx_hal_i2c.o(i.I2C_TransferConfig), (48 bytes).
    Removing stm32f7xx_hal_i2c.o(i.I2C_WaitOnFlagUntilTimeout), (164 bytes).
    Removing stm32f7xx_hal_i2c.o(i.I2C_WaitOnRXNEFlagUntilTimeout), (128 bytes).
    Removing stm32f7xx_hal_i2c.o(i.I2C_WaitOnSTOPFlagUntilTimeout), (86 bytes).
    Removing stm32f7xx_hal_i2c.o(i.I2C_WaitOnTXISFlagUntilTimeout), (88 bytes).
    Removing stm32f7xx_hal_i2c_ex.o(.rev16_text), (4 bytes).
    Removing stm32f7xx_hal_i2c_ex.o(.revsh_text), (4 bytes).
    Removing stm32f7xx_hal_i2c_ex.o(.rrx_text), (6 bytes).
    Removing stm32f7xx_hal_i2c_ex.o(i.HAL_I2CEx_ConfigAnalogFilter), (140 bytes).
    Removing stm32f7xx_hal_i2c_ex.o(i.HAL_I2CEx_ConfigDigitalFilter), (140 bytes).
    Removing sd_diskio.o(.rev16_text), (4 bytes).
    Removing sd_diskio.o(.revsh_text), (4 bytes).
    Removing sd_diskio.o(.rrx_text), (6 bytes).
    Removing sd_diskio.o(i.SD_initialize), (40 bytes).
    Removing sd_diskio.o(i.SD_ioctl), (124 bytes).
    Removing sd_diskio.o(i.SD_read), (44 bytes).
    Removing sd_diskio.o(i.SD_status), (40 bytes).
    Removing sd_diskio.o(i.SD_write), (44 bytes).
    Removing sd_diskio.o(.constdata), (20 bytes).
    Removing sd_diskio.o(.data), (1 bytes).
    Removing diskio.o(.rev16_text), (4 bytes).
    Removing diskio.o(.revsh_text), (4 bytes).
    Removing diskio.o(.rrx_text), (6 bytes).
    Removing diskio.o(i.disk_initialize), (44 bytes).
    Removing diskio.o(i.disk_ioctl), (40 bytes).
    Removing diskio.o(i.disk_read), (48 bytes).
    Removing diskio.o(i.disk_status), (28 bytes).
    Removing diskio.o(i.disk_write), (48 bytes).
    Removing diskio.o(i.get_fattime), (4 bytes).
    Removing ff.o(.rev16_text), (4 bytes).
    Removing ff.o(.revsh_text), (4 bytes).
    Removing ff.o(.rrx_text), (6 bytes).
    Removing ff.o(i.check_fs), (152 bytes).
    Removing ff.o(i.chk_chr), (20 bytes).
    Removing ff.o(i.chk_lock), (144 bytes).
    Removing ff.o(i.clear_lock), (48 bytes).
    Removing ff.o(i.clmt_clust), (56 bytes).
    Removing ff.o(i.clust2sect), (32 bytes).
    Removing ff.o(i.create_chain), (234 bytes).
    Removing ff.o(i.create_name), (288 bytes).
    Removing ff.o(i.dec_lock), (76 bytes).
    Removing ff.o(i.dir_alloc), (100 bytes).
    Removing ff.o(i.dir_find), (100 bytes).
    Removing ff.o(i.dir_next), (346 bytes).
    Removing ff.o(i.dir_read), (122 bytes).
    Removing ff.o(i.dir_register), (70 bytes).
    Removing ff.o(i.dir_remove), (68 bytes).
    Removing ff.o(i.dir_sdi), (200 bytes).
    Removing ff.o(i.enq_lock), (40 bytes).
    Removing ff.o(i.f_chmod), (90 bytes).
    Removing ff.o(i.f_close), (46 bytes).
    Removing ff.o(i.f_closedir), (42 bytes).
    Removing ff.o(i.f_getfree), (274 bytes).
    Removing ff.o(i.f_gets), (86 bytes).
    Removing ff.o(i.f_lseek), (834 bytes).
    Removing ff.o(i.f_mkdir), (360 bytes).
    Removing ff.o(i.f_mkfs), (1604 bytes).
    Removing ff.o(i.f_mount), (100 bytes).
    Removing ff.o(i.f_open), (446 bytes).
    Removing ff.o(i.f_opendir), (166 bytes).
    Removing ff.o(i.f_printf), (628 bytes).
    Removing ff.o(i.f_putc), (64 bytes).
    Removing ff.o(i.f_puts), (74 bytes).
    Removing ff.o(i.f_read), (516 bytes).
    Removing ff.o(i.f_readdir), (92 bytes).
    Removing ff.o(i.f_rename), (312 bytes).
    Removing ff.o(i.f_stat), (64 bytes).
    Removing ff.o(i.f_sync), (202 bytes).
    Removing ff.o(i.f_truncate), (236 bytes).
    Removing ff.o(i.f_unlink), (198 bytes).
    Removing ff.o(i.f_utime), (92 bytes).
    Removing ff.o(i.f_write), (598 bytes).
    Removing ff.o(i.find_volume), (988 bytes).
    Removing ff.o(i.follow_path), (156 bytes).
    Removing ff.o(i.get_fat), (238 bytes).
    Removing ff.o(i.get_fileinfo), (114 bytes).
    Removing ff.o(i.get_ldnumber), (72 bytes).
    Removing ff.o(i.inc_lock), (232 bytes).
    Removing ff.o(i.ld_clust), (34 bytes).
    Removing ff.o(i.mem_cmp), (38 bytes).
    Removing ff.o(i.mem_cpy), (26 bytes).
    Removing ff.o(i.mem_set), (20 bytes).
    Removing ff.o(i.move_window), (56 bytes).
    Removing ff.o(i.put_fat), (326 bytes).
    Removing ff.o(i.putc_bfd), (78 bytes).
    Removing ff.o(i.remove_chain), (122 bytes).
    Removing ff.o(i.st_clust), (16 bytes).
    Removing ff.o(i.sync_fs), (244 bytes).
    Removing ff.o(i.sync_window), (96 bytes).
    Removing ff.o(i.validate), (66 bytes).
    Removing ff.o(.bss), (24 bytes).
    Removing ff.o(.constdata), (172 bytes).
    Removing ff.o(.data), (6 bytes).
    Removing ff_gen_drv.o(.rev16_text), (4 bytes).
    Removing ff_gen_drv.o(.revsh_text), (4 bytes).
    Removing ff_gen_drv.o(.rrx_text), (6 bytes).
    Removing ff_gen_drv.o(i.FATFS_GetAttachedDriversNbr), (12 bytes).
    Removing ff_gen_drv.o(i.FATFS_LinkDriver), (18 bytes).
    Removing ff_gen_drv.o(i.FATFS_LinkDriverEx), (84 bytes).
    Removing ff_gen_drv.o(i.FATFS_UnLinkDriver), (14 bytes).
    Removing ff_gen_drv.o(i.FATFS_UnLinkDriverEx), (68 bytes).
    Removing ff_gen_drv.o(.bss), (12 bytes).

643 unused section(s) (total 81350 bytes) removed from the image.

==============================================================================

Image Symbol Table

    Local Symbols

    Symbol Name                              Value     Ov Type        Size  Object(Section)

    ../clib/angel/boardlib.s                 0x00000000   Number         0  boardinit1.o ABSOLUTE
    ../clib/angel/boardlib.s                 0x00000000   Number         0  boardshut.o ABSOLUTE
    ../clib/angel/boardlib.s                 0x00000000   Number         0  boardinit2.o ABSOLUTE
    ../clib/angel/boardlib.s                 0x00000000   Number         0  boardinit3.o ABSOLUTE
    ../clib/angel/handlers.s                 0x00000000   Number         0  __scatter_zi.o ABSOLUTE
    ../clib/angel/handlers.s                 0x00000000   Number         0  __scatter_copy.o ABSOLUTE
    ../clib/angel/kernel.s                   0x00000000   Number         0  __rtentry.o ABSOLUTE
    ../clib/angel/kernel.s                   0x00000000   Number         0  __rtentry2.o ABSOLUTE
    ../clib/angel/kernel.s                   0x00000000   Number         0  __rtentry4.o ABSOLUTE
    ../clib/angel/kernel.s                   0x00000000   Number         0  rtexit.o ABSOLUTE
    ../clib/angel/kernel.s                   0x00000000   Number         0  rtexit2.o ABSOLUTE
    ../clib/angel/rt.s                       0x00000000   Number         0  rt_raise.o ABSOLUTE
    ../clib/angel/rt.s                       0x00000000   Number         0  aeabi_ldiv0.o ABSOLUTE
    ../clib/angel/rt.s                       0x00000000   Number         0  rt_div0.o ABSOLUTE
    ../clib/angel/rt.s                       0x00000000   Number         0  aeabi_ldiv0_sigfpe.o ABSOLUTE
    ../clib/angel/scatter.s                  0x00000000   Number         0  __scatter.o ABSOLUTE
    ../clib/angel/startup.s                  0x00000000   Number         0  __main.o ABSOLUTE
    ../clib/angel/sys.s                      0x00000000   Number         0  indicate_semi.o ABSOLUTE
    ../clib/angel/sys.s                      0x00000000   Number         0  sys_stackheap_outer.o ABSOLUTE
    ../clib/angel/sys.s                      0x00000000   Number         0  use_no_semi.o ABSOLUTE
    ../clib/angel/sys.s                      0x00000000   Number         0  libspace.o ABSOLUTE
    ../clib/angel/sysapp.c                   0x00000000   Number         0  sys_command.o ABSOLUTE
    ../clib/angel/sysapp.c                   0x00000000   Number         0  sys_wrch.o ABSOLUTE
    ../clib/angel/sysapp.c                   0x00000000   Number         0  sys_exit.o ABSOLUTE
    ../clib/armsys.c                         0x00000000   Number         0  argv_veneer.o ABSOLUTE
    ../clib/armsys.c                         0x00000000   Number         0  argv_veneer.o ABSOLUTE
    ../clib/armsys.c                         0x00000000   Number         0  no_argv.o ABSOLUTE
    ../clib/armsys.c                         0x00000000   Number         0  _get_argv_nomalloc.o ABSOLUTE
    ../clib/heapalloc.c                      0x00000000   Number         0  hrguard.o ABSOLUTE
    ../clib/heapaux.c                        0x00000000   Number         0  heapauxi.o ABSOLUTE
    ../clib/libinit.s                        0x00000000   Number         0  libshutdown.o ABSOLUTE
    ../clib/libinit.s                        0x00000000   Number         0  libinit.o ABSOLUTE
    ../clib/libinit.s                        0x00000000   Number         0  libshutdown2.o ABSOLUTE
    ../clib/libinit.s                        0x00000000   Number         0  libinit2.o ABSOLUTE
    ../clib/longlong.s                       0x00000000   Number         0  lludivv7m.o ABSOLUTE
    ../clib/memcpset.s                       0x00000000   Number         0  rt_memcpy_w.o ABSOLUTE
    ../clib/memcpset.s                       0x00000000   Number         0  rt_memclr_w.o ABSOLUTE
    ../clib/signal.c                         0x00000000   Number         0  defsig_rtred_inner.o ABSOLUTE
    ../clib/signal.c                         0x00000000   Number         0  defsig_cppl_inner.o ABSOLUTE
    ../clib/signal.c                         0x00000000   Number         0  defsig_pvfn_inner.o ABSOLUTE
    ../clib/signal.c                         0x00000000   Number         0  defsig_abrt_inner.o ABSOLUTE
    ../clib/signal.c                         0x00000000   Number         0  defsig_segv_inner.o ABSOLUTE
    ../clib/signal.c                         0x00000000   Number         0  defsig_rtmem_formal.o ABSOLUTE
    ../clib/signal.c                         0x00000000   Number         0  defsig_other.o ABSOLUTE
    ../clib/signal.c                         0x00000000   Number         0  defsig_rtmem_outer.o ABSOLUTE
    ../clib/signal.c                         0x00000000   Number         0  defsig_rtmem_inner.o ABSOLUTE
    ../clib/signal.c                         0x00000000   Number         0  defsig_stak_inner.o ABSOLUTE
    ../clib/signal.c                         0x00000000   Number         0  defsig_fpe_outer.o ABSOLUTE
    ../clib/signal.c                         0x00000000   Number         0  defsig_fpe_inner.o ABSOLUTE
    ../clib/signal.c                         0x00000000   Number         0  defsig_exit.o ABSOLUTE
    ../clib/signal.c                         0x00000000   Number         0  defsig_general.o ABSOLUTE
    ../clib/signal.c                         0x00000000   Number         0  __raise.o ABSOLUTE
    ../clib/signal.c                         0x00000000   Number         0  defsig_fpe_formal.o ABSOLUTE
    ../clib/signal.s                         0x00000000   Number         0  defsig.o ABSOLUTE
    ../clib/stdlib.c                         0x00000000   Number         0  exit.o ABSOLUTE
    ../fplib/fpinit.s                        0x00000000   Number         0  fpinit.o ABSOLUTE
    dc.s                                     0x00000000   Number         0  dc.o ABSOLUTE
    lib\BSP\STM32746G-Discovery\stm32746g_discovery_sd.c 0x00000000   Number         0  stm32746g_discovery_sd.o ABSOLUTE
    lib\BSP\STM32746G-Discovery\stm32746g_discovery_sdram.c 0x00000000   Number         0  stm32746g_discovery_sdram.o ABSOLUTE
    lib\CMSIS\startup_stm32f746xx.s          0x00000000   Number         0  startup_stm32f746xx.o ABSOLUTE
    lib\CMSIS\system_stm32f7xx.c             0x00000000   Number         0  system_stm32f7xx.o ABSOLUTE
    lib\FatFs\src\diskio.c                   0x00000000   Number         0  diskio.o ABSOLUTE
    lib\FatFs\src\drivers\sd_diskio.c        0x00000000   Number         0  sd_diskio.o ABSOLUTE
    lib\FatFs\src\ff.c                       0x00000000   Number         0  ff.o ABSOLUTE
    lib\FatFs\src\ff_gen_drv.c               0x00000000   Number         0  ff_gen_drv.o ABSOLUTE
    lib\STM32F7xx_HAL_Driver\Src\stm32f7xx_hal.c 0x00000000   Number         0  stm32f7xx_hal.o ABSOLUTE
    lib\STM32F7xx_HAL_Driver\Src\stm32f7xx_hal_cortex.c 0x00000000   Number         0  stm32f7xx_hal_cortex.o ABSOLUTE
    lib\STM32F7xx_HAL_Driver\Src\stm32f7xx_hal_dma.c 0x00000000   Number         0  stm32f7xx_hal_dma.o ABSOLUTE
    lib\STM32F7xx_HAL_Driver\Src\stm32f7xx_hal_dma2d.c 0x00000000   Number         0  stm32f7xx_hal_dma2d.o ABSOLUTE
    lib\STM32F7xx_HAL_Driver\Src\stm32f7xx_hal_dma_ex.c 0x00000000   Number         0  stm32f7xx_hal_dma_ex.o ABSOLUTE
    lib\STM32F7xx_HAL_Driver\Src\stm32f7xx_hal_gpio.c 0x00000000   Number         0  stm32f7xx_hal_gpio.o ABSOLUTE
    lib\STM32F7xx_HAL_Driver\Src\stm32f7xx_hal_i2c.c 0x00000000   Number         0  stm32f7xx_hal_i2c.o ABSOLUTE
    lib\STM32F7xx_HAL_Driver\Src\stm32f7xx_hal_i2c_ex.c 0x00000000   Number         0  stm32f7xx_hal_i2c_ex.o ABSOLUTE
    lib\STM32F7xx_HAL_Driver\Src\stm32f7xx_hal_ltdc.c 0x00000000   Number         0  stm32f7xx_hal_ltdc.o ABSOLUTE
    lib\STM32F7xx_HAL_Driver\Src\stm32f7xx_hal_pwr.c 0x00000000   Number         0  stm32f7xx_hal_pwr.o ABSOLUTE
    lib\STM32F7xx_HAL_Driver\Src\stm32f7xx_hal_pwr_ex.c 0x00000000   Number         0  stm32f7xx_hal_pwr_ex.o ABSOLUTE
    lib\STM32F7xx_HAL_Driver\Src\stm32f7xx_hal_rcc.c 0x00000000   Number         0  stm32f7xx_hal_rcc.o ABSOLUTE
    lib\STM32F7xx_HAL_Driver\Src\stm32f7xx_hal_rcc_ex.c 0x00000000   Number         0  stm32f7xx_hal_rcc_ex.o ABSOLUTE
    lib\STM32F7xx_HAL_Driver\Src\stm32f7xx_hal_sd.c 0x00000000   Number         0  stm32f7xx_hal_sd.o ABSOLUTE
    lib\STM32F7xx_HAL_Driver\Src\stm32f7xx_hal_sdram.c 0x00000000   Number         0  stm32f7xx_hal_sdram.o ABSOLUTE
    lib\STM32F7xx_HAL_Driver\Src\stm32f7xx_hal_uart.c 0x00000000   Number         0  stm32f7xx_hal_uart.o ABSOLUTE
    lib\STM32F7xx_HAL_Driver\Src\stm32f7xx_hal_usart.c 0x00000000   Number         0  stm32f7xx_hal_usart.o ABSOLUTE
    lib\STM32F7xx_HAL_Driver\Src\stm32f7xx_ll_fmc.c 0x00000000   Number         0  stm32f7xx_ll_fmc.o ABSOLUTE
    lib\STM32F7xx_HAL_Driver\Src\stm32f7xx_ll_sdmmc.c 0x00000000   Number         0  stm32f7xx_ll_sdmmc.o ABSOLUTE
    lib\\BSP\\STM32746G-Discovery\\stm32746g_discovery_sd.c 0x00000000   Number         0  stm32746g_discovery_sd.o ABSOLUTE
    lib\\BSP\\STM32746G-Discovery\\stm32746g_discovery_sdram.c 0x00000000   Number         0  stm32746g_discovery_sdram.o ABSOLUTE
    lib\\CMSIS\\system_stm32f7xx.c           0x00000000   Number         0  system_stm32f7xx.o ABSOLUTE
    lib\\FatFs\\src\\diskio.c                0x00000000   Number         0  diskio.o ABSOLUTE
    lib\\FatFs\\src\\drivers\\sd_diskio.c    0x00000000   Number         0  sd_diskio.o ABSOLUTE
    lib\\FatFs\\src\\ff.c                    0x00000000   Number         0  ff.o ABSOLUTE
    lib\\FatFs\\src\\ff_gen_drv.c            0x00000000   Number         0  ff_gen_drv.o ABSOLUTE
    lib\\STM32F7xx_HAL_Driver\\Src\\stm32f7xx_hal.c 0x00000000   Number         0  stm32f7xx_hal.o ABSOLUTE
    lib\\STM32F7xx_HAL_Driver\\Src\\stm32f7xx_hal_cortex.c 0x00000000   Number         0  stm32f7xx_hal_cortex.o ABSOLUTE
    lib\\STM32F7xx_HAL_Driver\\Src\\stm32f7xx_hal_dma.c 0x00000000   Number         0  stm32f7xx_hal_dma.o ABSOLUTE
    lib\\STM32F7xx_HAL_Driver\\Src\\stm32f7xx_hal_dma2d.c 0x00000000   Number         0  stm32f7xx_hal_dma2d.o ABSOLUTE
    lib\\STM32F7xx_HAL_Driver\\Src\\stm32f7xx_hal_dma_ex.c 0x00000000   Number         0  stm32f7xx_hal_dma_ex.o ABSOLUTE
    lib\\STM32F7xx_HAL_Driver\\Src\\stm32f7xx_hal_gpio.c 0x00000000   Number         0  stm32f7xx_hal_gpio.o ABSOLUTE
    lib\\STM32F7xx_HAL_Driver\\Src\\stm32f7xx_hal_i2c.c 0x00000000   Number         0  stm32f7xx_hal_i2c.o ABSOLUTE
    lib\\STM32F7xx_HAL_Driver\\Src\\stm32f7xx_hal_i2c_ex.c 0x00000000   Number         0  stm32f7xx_hal_i2c_ex.o ABSOLUTE
    lib\\STM32F7xx_HAL_Driver\\Src\\stm32f7xx_hal_ltdc.c 0x00000000   Number         0  stm32f7xx_hal_ltdc.o ABSOLUTE
    lib\\STM32F7xx_HAL_Driver\\Src\\stm32f7xx_hal_pwr.c 0x00000000   Number         0  stm32f7xx_hal_pwr.o ABSOLUTE
    lib\\STM32F7xx_HAL_Driver\\Src\\stm32f7xx_hal_pwr_ex.c 0x00000000   Number         0  stm32f7xx_hal_pwr_ex.o ABSOLUTE
    lib\\STM32F7xx_HAL_Driver\\Src\\stm32f7xx_hal_rcc.c 0x00000000   Number         0  stm32f7xx_hal_rcc.o ABSOLUTE
    lib\\STM32F7xx_HAL_Driver\\Src\\stm32f7xx_hal_rcc_ex.c 0x00000000   Number         0  stm32f7xx_hal_rcc_ex.o ABSOLUTE
    lib\\STM32F7xx_HAL_Driver\\Src\\stm32f7xx_hal_sd.c 0x00000000   Number         0  stm32f7xx_hal_sd.o ABSOLUTE
    lib\\STM32F7xx_HAL_Driver\\Src\\stm32f7xx_hal_sdram.c 0x00000000   Number         0  stm32f7xx_hal_sdram.o ABSOLUTE
    lib\\STM32F7xx_HAL_Driver\\Src\\stm32f7xx_hal_uart.c 0x00000000   Number         0  stm32f7xx_hal_uart.o ABSOLUTE
    lib\\STM32F7xx_HAL_Driver\\Src\\stm32f7xx_hal_usart.c 0x00000000   Number         0  stm32f7xx_hal_usart.o ABSOLUTE
    lib\\STM32F7xx_HAL_Driver\\Src\\stm32f7xx_ll_fmc.c 0x00000000   Number         0  stm32f7xx_ll_fmc.o ABSOLUTE
    lib\\STM32F7xx_HAL_Driver\\Src\\stm32f7xx_ll_sdmmc.c 0x00000000   Number         0  stm32f7xx_ll_sdmmc.o ABSOLUTE
    lib\stm32f7xx_it.c                       0x00000000   Number         0  stm32f7xx_it.o ABSOLUTE
    source\\button.c                         0x00000000   Number         0  button.o ABSOLUTE
    source\\hal.c                            0x00000000   Number         0  hal.o ABSOLUTE
    source\\lcd.c                            0x00000000   Number         0  lcd.o ABSOLUTE
    source\\led.c                            0x00000000   Number         0  led.o ABSOLUTE
    source\\main.c                           0x00000000   Number         0  main.o ABSOLUTE
    source\\sd_card.c                        0x00000000   Number         0  sd_card.o ABSOLUTE
    source\\stm32f7_lcd.c                    0x00000000   Number         0  stm32f7_lcd.o ABSOLUTE
    source\\uart.c                           0x00000000   Number         0  uart.o ABSOLUTE
    source\button.c                          0x00000000   Number         0  button.o ABSOLUTE
    source\hal.c                             0x00000000   Number         0  hal.o ABSOLUTE
    source\itoa.c                            0x00000000   Number         0  itoa.o ABSOLUTE
    source\lcd.c                             0x00000000   Number         0  lcd.o ABSOLUTE
    source\led.c                             0x00000000   Number         0  led.o ABSOLUTE
    source\main.c                            0x00000000   Number         0  main.o ABSOLUTE
    source\sd_card.c                         0x00000000   Number         0  sd_card.o ABSOLUTE
    source\stm32f7_lcd.c                     0x00000000   Number         0  stm32f7_lcd.o ABSOLUTE
    source\uart.c                            0x00000000   Number         0  uart.o ABSOLUTE
    RESET                                    0x08000000   Section      456  startup_stm32f746xx.o(RESET)
    !!!main                                  0x080001c8   Section        8  __main.o(!!!main)
    !!!scatter                               0x080001d0   Section       52  __scatter.o(!!!scatter)
    !!handler_copy                           0x08000204   Section       26  __scatter_copy.o(!!handler_copy)
    !!handler_zi                             0x08000220   Section       28  __scatter_zi.o(!!handler_zi)
    .ARM.Collect$$libinit$$00000000          0x0800023c   Section        2  libinit.o(.ARM.Collect$$libinit$$00000000)
    .ARM.Collect$$libinit$$00000001          0x0800023e   Section        4  libinit2.o(.ARM.Collect$$libinit$$00000001)
    .ARM.Collect$$libinit$$00000004          0x08000242   Section        0  libinit2.o(.ARM.Collect$$libinit$$00000004)
    .ARM.Collect$$libinit$$0000000A          0x08000242   Section        0  libinit2.o(.ARM.Collect$$libinit$$0000000A)
    .ARM.Collect$$libinit$$0000000C          0x08000242   Section        0  libinit2.o(.ARM.Collect$$libinit$$0000000C)
    .ARM.Collect$$libinit$$0000000E          0x08000242   Section        0  libinit2.o(.ARM.Collect$$libinit$$0000000E)
    .ARM.Collect$$libinit$$00000011          0x08000242   Section        0  libinit2.o(.ARM.Collect$$libinit$$00000011)
    .ARM.Collect$$libinit$$00000013          0x08000242   Section        0  libinit2.o(.ARM.Collect$$libinit$$00000013)
    .ARM.Collect$$libinit$$00000015          0x08000242   Section        0  libinit2.o(.ARM.Collect$$libinit$$00000015)
    .ARM.Collect$$libinit$$00000017          0x08000242   Section        0  libinit2.o(.ARM.Collect$$libinit$$00000017)
    .ARM.Collect$$libinit$$00000019          0x08000242   Section        0  libinit2.o(.ARM.Collect$$libinit$$00000019)
    .ARM.Collect$$libinit$$0000001B          0x08000242   Section        0  libinit2.o(.ARM.Collect$$libinit$$0000001B)
    .ARM.Collect$$libinit$$0000001D          0x08000242   Section        0  libinit2.o(.ARM.Collect$$libinit$$0000001D)
    .ARM.Collect$$libinit$$0000001F          0x08000242   Section        0  libinit2.o(.ARM.Collect$$libinit$$0000001F)
    .ARM.Collect$$libinit$$00000021          0x08000242   Section        0  libinit2.o(.ARM.Collect$$libinit$$00000021)
    .ARM.Collect$$libinit$$00000023          0x08000242   Section        0  libinit2.o(.ARM.Collect$$libinit$$00000023)
    .ARM.Collect$$libinit$$00000025          0x08000242   Section        0  libinit2.o(.ARM.Collect$$libinit$$00000025)
    .ARM.Collect$$libinit$$0000002C          0x08000242   Section        0  libinit2.o(.ARM.Collect$$libinit$$0000002C)
    .ARM.Collect$$libinit$$0000002E          0x08000242   Section        0  libinit2.o(.ARM.Collect$$libinit$$0000002E)
    .ARM.Collect$$libinit$$00000030          0x08000242   Section        0  libinit2.o(.ARM.Collect$$libinit$$00000030)
    .ARM.Collect$$libinit$$00000032          0x08000242   Section        0  libinit2.o(.ARM.Collect$$libinit$$00000032)
    .ARM.Collect$$libinit$$00000033          0x08000242   Section        2  libinit2.o(.ARM.Collect$$libinit$$00000033)
    .ARM.Collect$$libshutdown$$00000000      0x08000244   Section        2  libshutdown.o(.ARM.Collect$$libshutdown$$00000000)
    .ARM.Collect$$libshutdown$$00000003      0x08000246   Section        0  libshutdown2.o(.ARM.Collect$$libshutdown$$00000003)
    .ARM.Collect$$libshutdown$$00000006      0x08000246   Section        0  libshutdown2.o(.ARM.Collect$$libshutdown$$00000006)
    .ARM.Collect$$libshutdown$$00000009      0x08000246   Section        0  libshutdown2.o(.ARM.Collect$$libshutdown$$00000009)
    .ARM.Collect$$libshutdown$$0000000B      0x08000246   Section        0  libshutdown2.o(.ARM.Collect$$libshutdown$$0000000B)
    .ARM.Collect$$libshutdown$$0000000E      0x08000246   Section        0  libshutdown2.o(.ARM.Collect$$libshutdown$$0000000E)
    .ARM.Collect$$libshutdown$$0000000F      0x08000246   Section        2  libshutdown2.o(.ARM.Collect$$libshutdown$$0000000F)
    .ARM.Collect$$rtentry$$00000000          0x08000248   Section        0  __rtentry.o(.ARM.Collect$$rtentry$$00000000)
    .ARM.Collect$$rtentry$$00000002          0x08000248   Section        0  __rtentry2.o(.ARM.Collect$$rtentry$$00000002)
    .ARM.Collect$$rtentry$$00000004          0x08000248   Section        6  __rtentry4.o(.ARM.Collect$$rtentry$$00000004)
    .ARM.Collect$$rtentry$$00000009          0x0800024e   Section        0  __rtentry2.o(.ARM.Collect$$rtentry$$00000009)
    .ARM.Collect$$rtentry$$0000000A          0x0800024e   Section        4  __rtentry2.o(.ARM.Collect$$rtentry$$0000000A)
    .ARM.Collect$$rtentry$$0000000C          0x08000252   Section        0  __rtentry2.o(.ARM.Collect$$rtentry$$0000000C)
    .ARM.Collect$$rtentry$$0000000D          0x08000252   Section        8  __rtentry2.o(.ARM.Collect$$rtentry$$0000000D)
    .ARM.Collect$$rtexit$$00000000           0x0800025a   Section        2  rtexit.o(.ARM.Collect$$rtexit$$00000000)
    .ARM.Collect$$rtexit$$00000002           0x0800025c   Section        0  rtexit2.o(.ARM.Collect$$rtexit$$00000002)
    .ARM.Collect$$rtexit$$00000003           0x0800025c   Section        4  rtexit2.o(.ARM.Collect$$rtexit$$00000003)
    .ARM.Collect$$rtexit$$00000004           0x08000260   Section        6  rtexit2.o(.ARM.Collect$$rtexit$$00000004)
    .text                                    0x08000268   Section       64  startup_stm32f746xx.o(.text)
    $v0                                      0x08000268   Number         0  startup_stm32f746xx.o(.text)
    .text                                    0x080002a8   Section        0  heapauxi.o(.text)
    .text                                    0x080002ae   Section       74  sys_stackheap_outer.o(.text)
    .text                                    0x080002f8   Section        0  exit.o(.text)
    .text                                    0x08000304   Section        8  libspace.o(.text)
    .text                                    0x0800030c   Section        0  sys_exit.o(.text)
    .text                                    0x08000318   Section        2  use_no_semi.o(.text)
    .text                                    0x0800031a   Section        0  indicate_semi.o(.text)
    i.BusFault_Handler                       0x0800031a   Section        0  stm32f7xx_it.o(i.BusFault_Handler)
    i.DebugMon_Handler                       0x0800031e   Section        0  stm32f7xx_it.o(i.DebugMon_Handler)
    i.EXTI15_10_IRQHandler                   0x08000320   Section        0  button.o(i.EXTI15_10_IRQHandler)
    i.HAL_GPIO_Init                          0x0800033c   Section        0  stm32f7xx_hal_gpio.o(i.HAL_GPIO_Init)
    i.HAL_GPIO_TogglePin                     0x08000554   Section        0  stm32f7xx_hal_gpio.o(i.HAL_GPIO_TogglePin)
    i.HAL_GPIO_WritePin                      0x0800055c   Section        0  stm32f7xx_hal_gpio.o(i.HAL_GPIO_WritePin)
    i.HAL_GetTick                            0x08000568   Section        0  stm32f7xx_hal.o(i.HAL_GetTick)
    i.HAL_IncTick                            0x08000574   Section        0  stm32f7xx_hal.o(i.HAL_IncTick)
    i.HAL_Init                               0x08000584   Section        0  stm32f7xx_hal.o(i.HAL_Init)
    i.HAL_InitTick                           0x080005ac   Section        0  stm32f7xx_hal.o(i.HAL_InitTick)
    i.HAL_MspInit                            0x080005d0   Section        0  stm32f7xx_hal.o(i.HAL_MspInit)
    i.HAL_NVIC_SetPriority                   0x080005d2   Section        0  stm32f7xx_hal_cortex.o(i.HAL_NVIC_SetPriority)
    i.HAL_NVIC_SetPriorityGrouping           0x08000650   Section        0  stm32f7xx_hal_cortex.o(i.HAL_NVIC_SetPriorityGrouping)
    i.HAL_PWREx_EnableOverDrive              0x08000678   Section        0  stm32f7xx_hal_pwr_ex.o(i.HAL_PWREx_EnableOverDrive)
    i.HAL_RCC_ClockConfig                    0x08000708   Section        0  stm32f7xx_hal_rcc.o(i.HAL_RCC_ClockConfig)
    i.HAL_RCC_GetHCLKFreq                    0x08000970   Section        0  stm32f7xx_hal_rcc.o(i.HAL_RCC_GetHCLKFreq)
    i.HAL_RCC_GetPCLK1Freq                   0x080009a8   Section        0  stm32f7xx_hal_rcc.o(i.HAL_RCC_GetPCLK1Freq)
    i.HAL_RCC_GetPCLK2Freq                   0x080009d4   Section        0  stm32f7xx_hal_rcc.o(i.HAL_RCC_GetPCLK2Freq)
    i.HAL_RCC_GetSysClockFreq                0x08000a00   Section        0  stm32f7xx_hal_rcc.o(i.HAL_RCC_GetSysClockFreq)
    i.HAL_RCC_OscConfig                      0x08000ab4   Section        0  stm32f7xx_hal_rcc.o(i.HAL_RCC_OscConfig)
    i.HAL_SYSTICK_Config                     0x08001004   Section        0  stm32f7xx_hal_cortex.o(i.HAL_SYSTICK_Config)
    i.HAL_UART_Init                          0x08001038   Section        0  stm32f7xx_hal_uart.o(i.HAL_UART_Init)
    i.HAL_UART_MspInit                       0x080010b0   Section        0  stm32f7xx_hal_uart.o(i.HAL_UART_MspInit)
    i.HardFault_Handler                      0x080010b2   Section        0  stm32f7xx_it.o(i.HardFault_Handler)
    i.MemManage_Handler                      0x080010b6   Section        0  stm32f7xx_it.o(i.MemManage_Handler)
    i.NMI_Handler                            0x080010ba   Section        0  stm32f7xx_it.o(i.NMI_Handler)
    i.NVIC_GetPriorityGrouping               0x080010bc   Section        0  stm32f7xx_hal_cortex.o(i.NVIC_GetPriorityGrouping)
    NVIC_GetPriorityGrouping                 0x080010bd   Thumb Code    10  stm32f7xx_hal_cortex.o(i.NVIC_GetPriorityGrouping)
    i.NVIC_SetPriority                       0x080010cc   Section        0  stm32f7xx_hal_cortex.o(i.NVIC_SetPriority)
    NVIC_SetPriority                         0x080010cd   Thumb Code    32  stm32f7xx_hal_cortex.o(i.NVIC_SetPriority)
    i.PendSV_Handler                         0x080010f4   Section        0  stm32f7xx_it.o(i.PendSV_Handler)
    i.SVC_Handler                            0x080010f6   Section        0  stm32f7xx_it.o(i.SVC_Handler)
    i.SysTick_Handler                        0x080010f8   Section        0  stm32f7xx_it.o(i.SysTick_Handler)
    i.SystemClock_Config                     0x08001100   Section        0  hal.o(i.SystemClock_Config)
    i.SystemInit                             0x08001158   Section        0  system_stm32f7xx.o(i.SystemInit)
    i.UART_AdvFeatureConfig                  0x080011bc   Section        0  stm32f7xx_hal_uart.o(i.UART_AdvFeatureConfig)
    i.UART_CheckIdleState                    0x080012a6   Section        0  stm32f7xx_hal_uart.o(i.UART_CheckIdleState)
    i.UART_SetConfig                         0x08001304   Section        0  stm32f7xx_hal_uart.o(i.UART_SetConfig)
    i.UART_WaitOnFlagUntilTimeout            0x0800165c   Section        0  stm32f7xx_hal_uart.o(i.UART_WaitOnFlagUntilTimeout)
    i.USART1_IRQHandler                      0x08001754   Section        0  uart.o(i.USART1_IRQHandler)
    i.UsageFault_Handler                     0x08001790   Section        0  stm32f7xx_it.o(i.UsageFault_Handler)
    i.button_init                            0x08001794   Section        0  button.o(i.button_init)
    i.halLib_Init                            0x080017dc   Section        0  hal.o(i.halLib_Init)
    i.ledOff                                 0x080017ec   Section        0  led.o(i.ledOff)
    i.ledOn                                  0x08001800   Section        0  led.o(i.ledOn)
    i.ledToggle                              0x08001814   Section        0  led.o(i.ledToggle)
    i.led_port_init                          0x08001824   Section        0  led.o(i.led_port_init)
    i.main                                   0x08001868   Section        0  main.o(i.main)
    i.setButtonIrqFunc                       0x0800189c   Section        0  button.o(i.setButtonIrqFunc)
    i.setIrqFunc                             0x080018f0   Section        0  uart.o(i.setIrqFunc)
    i.uartWrite                              0x08001928   Section        0  uart.o(i.uartWrite)
    i.uartWriteS                             0x08001940   Section        0  uart.o(i.uartWriteS)
    i.uart_init                              0x0800196c   Section        0  uart.o(i.uart_init)
    x$fpl$fpinit                             0x08001a90   Section       10  fpinit.o(x$fpl$fpinit)
    $v0                                      0x08001a90   Number         0  fpinit.o(x$fpl$fpinit)
    .constdata                               0x08001a9c   Section       44  hal.o(.constdata)
    .constdata                               0x08001ac8   Section       16  stm32f7xx_hal_rcc.o(.constdata)
    .data                                    0x20010000   Section        8  hal.o(.data)
    .data                                    0x20010008   Section        4  button.o(.data)
    button                                   0x20010008   Data           4  button.o(.data)
    .data                                    0x2001000c   Section        8  uart.o(.data)
    uartRE                                   0x20010010   Data           4  uart.o(.data)
    .data                                    0x20010014   Section        4  system_stm32f7xx.o(.data)
    .data                                    0x20010018   Section        4  stm32f7xx_hal.o(.data)
    uwTick                                   0x20010018   Data           4  stm32f7xx_hal.o(.data)
    .bss                                     0x2001001c   Section      112  uart.o(.bss)
    .bss                                     0x2001008c   Section       96  libspace.o(.bss)
    HEAP                                     0x200100f0   Section      512  startup_stm32f746xx.o(HEAP)
    Heap_Mem                                 0x200100f0   Data         512  startup_stm32f746xx.o(HEAP)
    STACK                                    0x200102f0   Section     1024  startup_stm32f746xx.o(STACK)
    Stack_Mem                                0x200102f0   Data        1024  startup_stm32f746xx.o(STACK)
    __initial_sp                             0x200106f0   Data           0  startup_stm32f746xx.o(STACK)

    Global Symbols

    Symbol Name                              Value     Ov Type        Size  Object(Section)

    BuildAttributes$$THM_ISAv4$E$P$D$K$B$S$7EM$VFPi3$EXTD16$VFPS$VFMA$PE$PLD8$A:L22UL41UL21$X:L11$S22US41US21$IEEE1$IW$USESV6$~STKCKD$USESV7$~SHL$OSPACE$ROPI$EBA8$UX$STANDARDLIB$REQ8$PRES8$EABIv2 0x00000000   Number         0  anon$$obj.o ABSOLUTE
    __ARM_use_no_argv                        0x00000000   Number         0  main.o ABSOLUTE
    __ARM_exceptions_init                     - Undefined Weak Reference
    __alloca_initialize                       - Undefined Weak Reference
    __arm_preinit_                            - Undefined Weak Reference
    __cpp_initialize__aeabi_                  - Undefined Weak Reference
    __cxa_finalize                            - Undefined Weak Reference
    __rt_locale                               - Undefined Weak Reference
    __sigvec_lookup                           - Undefined Weak Reference
    _atexit_init                              - Undefined Weak Reference
    _call_atexit_fns                          - Undefined Weak Reference
    _clock_init                               - Undefined Weak Reference
    _fp_trap_init                             - Undefined Weak Reference
    _fp_trap_shutdown                         - Undefined Weak Reference
    _get_lc_collate                           - Undefined Weak Reference
    _get_lc_ctype                             - Undefined Weak Reference
    _get_lc_monetary                          - Undefined Weak Reference
    _get_lc_numeric                           - Undefined Weak Reference
    _get_lc_time                              - Undefined Weak Reference
    _getenv_init                              - Undefined Weak Reference
    _handle_redirection                       - Undefined Weak Reference
    _init_alloc                               - Undefined Weak Reference
    _init_user_alloc                          - Undefined Weak Reference
    _initio                                   - Undefined Weak Reference
    _rand_init                                - Undefined Weak Reference
    _signal_finish                            - Undefined Weak Reference
    _signal_init                              - Undefined Weak Reference
    _terminate_alloc                          - Undefined Weak Reference
    _terminate_user_alloc                     - Undefined Weak Reference
    _terminateio                              - Undefined Weak Reference
    __Vectors_Size                           0x000001c8   Number         0  startup_stm32f746xx.o ABSOLUTE
    __Vectors                                0x08000000   Data           4  startup_stm32f746xx.o(RESET)
    __Vectors_End                            0x080001c8   Data           0  startup_stm32f746xx.o(RESET)
    __main                                   0x080001c9   Thumb Code     8  __main.o(!!!main)
    __scatterload                            0x080001d1   Thumb Code     0  __scatter.o(!!!scatter)
    __scatterload_rt2                        0x080001d1   Thumb Code    44  __scatter.o(!!!scatter)
    __scatterload_rt2_thumb_only             0x080001d1   Thumb Code     0  __scatter.o(!!!scatter)
    __scatterload_null                       0x080001df   Thumb Code     0  __scatter.o(!!!scatter)
    __scatterload_copy                       0x08000205   Thumb Code    26  __scatter_copy.o(!!handler_copy)
    __scatterload_zeroinit                   0x08000221   Thumb Code    28  __scatter_zi.o(!!handler_zi)
    __rt_lib_init                            0x0800023d   Thumb Code     0  libinit.o(.ARM.Collect$$libinit$$00000000)
    __rt_lib_init_fp_1                       0x0800023f   Thumb Code     0  libinit2.o(.ARM.Collect$$libinit$$00000001)
    __rt_lib_init_alloca_1                   0x08000243   Thumb Code     0  libinit2.o(.ARM.Collect$$libinit$$0000002E)
    __rt_lib_init_argv_1                     0x08000243   Thumb Code     0  libinit2.o(.ARM.Collect$$libinit$$0000002C)
    __rt_lib_init_atexit_1                   0x08000243   Thumb Code     0  libinit2.o(.ARM.Collect$$libinit$$0000001B)
    __rt_lib_init_clock_1                    0x08000243   Thumb Code     0  libinit2.o(.ARM.Collect$$libinit$$00000021)
    __rt_lib_init_cpp_1                      0x08000243   Thumb Code     0  libinit2.o(.ARM.Collect$$libinit$$00000032)
    __rt_lib_init_exceptions_1               0x08000243   Thumb Code     0  libinit2.o(.ARM.Collect$$libinit$$00000030)
    __rt_lib_init_fp_trap_1                  0x08000243   Thumb Code     0  libinit2.o(.ARM.Collect$$libinit$$0000001F)
    __rt_lib_init_getenv_1                   0x08000243   Thumb Code     0  libinit2.o(.ARM.Collect$$libinit$$00000023)
    __rt_lib_init_heap_1                     0x08000243   Thumb Code     0  libinit2.o(.ARM.Collect$$libinit$$0000000A)
    __rt_lib_init_lc_collate_1               0x08000243   Thumb Code     0  libinit2.o(.ARM.Collect$$libinit$$00000011)
    __rt_lib_init_lc_ctype_1                 0x08000243   Thumb Code     0  libinit2.o(.ARM.Collect$$libinit$$00000013)
    __rt_lib_init_lc_monetary_1              0x08000243   Thumb Code     0  libinit2.o(.ARM.Collect$$libinit$$00000015)
    __rt_lib_init_lc_numeric_1               0x08000243   Thumb Code     0  libinit2.o(.ARM.Collect$$libinit$$00000017)
    __rt_lib_init_lc_time_1                  0x08000243   Thumb Code     0  libinit2.o(.ARM.Collect$$libinit$$00000019)
    __rt_lib_init_preinit_1                  0x08000243   Thumb Code     0  libinit2.o(.ARM.Collect$$libinit$$00000004)
    __rt_lib_init_rand_1                     0x08000243   Thumb Code     0  libinit2.o(.ARM.Collect$$libinit$$0000000E)
    __rt_lib_init_return                     0x08000243   Thumb Code     0  libinit2.o(.ARM.Collect$$libinit$$00000033)
    __rt_lib_init_signal_1                   0x08000243   Thumb Code     0  libinit2.o(.ARM.Collect$$libinit$$0000001D)
    __rt_lib_init_stdio_1                    0x08000243   Thumb Code     0  libinit2.o(.ARM.Collect$$libinit$$00000025)
    __rt_lib_init_user_alloc_1               0x08000243   Thumb Code     0  libinit2.o(.ARM.Collect$$libinit$$0000000C)
    __rt_lib_shutdown                        0x08000245   Thumb Code     0  libshutdown.o(.ARM.Collect$$libshutdown$$00000000)
    __rt_lib_shutdown_fp_trap_1              0x08000247   Thumb Code     0  libshutdown2.o(.ARM.Collect$$libshutdown$$00000006)
    __rt_lib_shutdown_heap_1                 0x08000247   Thumb Code     0  libshutdown2.o(.ARM.Collect$$libshutdown$$0000000E)
    __rt_lib_shutdown_return                 0x08000247   Thumb Code     0  libshutdown2.o(.ARM.Collect$$libshutdown$$0000000F)
    __rt_lib_shutdown_signal_1               0x08000247   Thumb Code     0  libshutdown2.o(.ARM.Collect$$libshutdown$$00000009)
    __rt_lib_shutdown_stdio_1                0x08000247   Thumb Code     0  libshutdown2.o(.ARM.Collect$$libshutdown$$00000003)
    __rt_lib_shutdown_user_alloc_1           0x08000247   Thumb Code     0  libshutdown2.o(.ARM.Collect$$libshutdown$$0000000B)
    __rt_entry                               0x08000249   Thumb Code     0  __rtentry.o(.ARM.Collect$$rtentry$$00000000)
    __rt_entry_presh_1                       0x08000249   Thumb Code     0  __rtentry2.o(.ARM.Collect$$rtentry$$00000002)
    __rt_entry_sh                            0x08000249   Thumb Code     0  __rtentry4.o(.ARM.Collect$$rtentry$$00000004)
    __rt_entry_li                            0x0800024f   Thumb Code     0  __rtentry2.o(.ARM.Collect$$rtentry$$0000000A)
    __rt_entry_postsh_1                      0x0800024f   Thumb Code     0  __rtentry2.o(.ARM.Collect$$rtentry$$00000009)
    __rt_entry_main                          0x08000253   Thumb Code     0  __rtentry2.o(.ARM.Collect$$rtentry$$0000000D)
    __rt_entry_postli_1                      0x08000253   Thumb Code     0  __rtentry2.o(.ARM.Collect$$rtentry$$0000000C)
    __rt_exit                                0x0800025b   Thumb Code     0  rtexit.o(.ARM.Collect$$rtexit$$00000000)
    __rt_exit_ls                             0x0800025d   Thumb Code     0  rtexit2.o(.ARM.Collect$$rtexit$$00000003)
    __rt_exit_prels_1                        0x0800025d   Thumb Code     0  rtexit2.o(.ARM.Collect$$rtexit$$00000002)
    __rt_exit_exit                           0x08000261   Thumb Code     0  rtexit2.o(.ARM.Collect$$rtexit$$00000004)
    Reset_Handler                            0x08000269   Thumb Code     8  startup_stm32f746xx.o(.text)
    ADC_IRQHandler                           0x08000283   Thumb Code     0  startup_stm32f746xx.o(.text)
    CAN1_RX0_IRQHandler                      0x08000283   Thumb Code     0  startup_stm32f746xx.o(.text)
    CAN1_RX1_IRQHandler                      0x08000283   Thumb Code     0  startup_stm32f746xx.o(.text)
    CAN1_SCE_IRQHandler                      0x08000283   Thumb Code     0  startup_stm32f746xx.o(.text)
    CAN1_TX_IRQHandler                       0x08000283   Thumb Code     0  startup_stm32f746xx.o(.text)
    CAN2_RX0_IRQHandler                      0x08000283   Thumb Code     0  startup_stm32f746xx.o(.text)
    CAN2_RX1_IRQHandler                      0x08000283   Thumb Code     0  startup_stm32f746xx.o(.text)
    CAN2_SCE_IRQHandler                      0x08000283   Thumb Code     0  startup_stm32f746xx.o(.text)
    CAN2_TX_IRQHandler                       0x08000283   Thumb Code     0  startup_stm32f746xx.o(.text)
    CEC_IRQHandler                           0x08000283   Thumb Code     0  startup_stm32f746xx.o(.text)
    DCMI_IRQHandler                          0x08000283   Thumb Code     0  startup_stm32f746xx.o(.text)
    DMA1_Stream0_IRQHandler                  0x08000283   Thumb Code     0  startup_stm32f746xx.o(.text)
    DMA1_Stream1_IRQHandler                  0x08000283   Thumb Code     0  startup_stm32f746xx.o(.text)
    DMA1_Stream2_IRQHandler                  0x08000283   Thumb Code     0  startup_stm32f746xx.o(.text)
    DMA1_Stream3_IRQHandler                  0x08000283   Thumb Code     0  startup_stm32f746xx.o(.text)
    DMA1_Stream4_IRQHandler                  0x08000283   Thumb Code     0  startup_stm32f746xx.o(.text)
    DMA1_Stream5_IRQHandler                  0x08000283   Thumb Code     0  startup_stm32f746xx.o(.text)
    DMA1_Stream6_IRQHandler                  0x08000283   Thumb Code     0  startup_stm32f746xx.o(.text)
    DMA1_Stream7_IRQHandler                  0x08000283   Thumb Code     0  startup_stm32f746xx.o(.text)
    DMA2D_IRQHandler                         0x08000283   Thumb Code     0  startup_stm32f746xx.o(.text)
    DMA2_Stream0_IRQHandler                  0x08000283   Thumb Code     0  startup_stm32f746xx.o(.text)
    DMA2_Stream1_IRQHandler                  0x08000283   Thumb Code     0  startup_stm32f746xx.o(.text)
    DMA2_Stream2_IRQHandler                  0x08000283   Thumb Code     0  startup_stm32f746xx.o(.text)
    DMA2_Stream3_IRQHandler                  0x08000283   Thumb Code     0  startup_stm32f746xx.o(.text)
    DMA2_Stream4_IRQHandler                  0x08000283   Thumb Code     0  startup_stm32f746xx.o(.text)
    DMA2_Stream5_IRQHandler                  0x08000283   Thumb Code     0  startup_stm32f746xx.o(.text)
    DMA2_Stream6_IRQHandler                  0x08000283   Thumb Code     0  startup_stm32f746xx.o(.text)
    DMA2_Stream7_IRQHandler                  0x08000283   Thumb Code     0  startup_stm32f746xx.o(.text)
    ETH_IRQHandler                           0x08000283   Thumb Code     0  startup_stm32f746xx.o(.text)
    ETH_WKUP_IRQHandler                      0x08000283   Thumb Code     0  startup_stm32f746xx.o(.text)
    EXTI0_IRQHandler                         0x08000283   Thumb Code     0  startup_stm32f746xx.o(.text)
    EXTI1_IRQHandler                         0x08000283   Thumb Code     0  startup_stm32f746xx.o(.text)
    EXTI2_IRQHandler                         0x08000283   Thumb Code     0  startup_stm32f746xx.o(.text)
    EXTI3_IRQHandler                         0x08000283   Thumb Code     0  startup_stm32f746xx.o(.text)
    EXTI4_IRQHandler                         0x08000283   Thumb Code     0  startup_stm32f746xx.o(.text)
    EXTI9_5_IRQHandler                       0x08000283   Thumb Code     0  startup_stm32f746xx.o(.text)
    FLASH_IRQHandler                         0x08000283   Thumb Code     0  startup_stm32f746xx.o(.text)
    FMC_IRQHandler                           0x08000283   Thumb Code     0  startup_stm32f746xx.o(.text)
    FPU_IRQHandler                           0x08000283   Thumb Code     0  startup_stm32f746xx.o(.text)
    I2C1_ER_IRQHandler                       0x08000283   Thumb Code     0  startup_stm32f746xx.o(.text)
    I2C1_EV_IRQHandler                       0x08000283   Thumb Code     0  startup_stm32f746xx.o(.text)
    I2C2_ER_IRQHandler                       0x08000283   Thumb Code     0  startup_stm32f746xx.o(.text)
    I2C2_EV_IRQHandler                       0x08000283   Thumb Code     0  startup_stm32f746xx.o(.text)
    I2C3_ER_IRQHandler                       0x08000283   Thumb Code     0  startup_stm32f746xx.o(.text)
    I2C3_EV_IRQHandler                       0x08000283   Thumb Code     0  startup_stm32f746xx.o(.text)
    I2C4_ER_IRQHandler                       0x08000283   Thumb Code     0  startup_stm32f746xx.o(.text)
    I2C4_EV_IRQHandler                       0x08000283   Thumb Code     0  startup_stm32f746xx.o(.text)
    LPTIM1_IRQHandler                        0x08000283   Thumb Code     0  startup_stm32f746xx.o(.text)
    LTDC_ER_IRQHandler                       0x08000283   Thumb Code     0  startup_stm32f746xx.o(.text)
    LTDC_IRQHandler                          0x08000283   Thumb Code     0  startup_stm32f746xx.o(.text)
    OTG_FS_IRQHandler                        0x08000283   Thumb Code     0  startup_stm32f746xx.o(.text)
    OTG_FS_WKUP_IRQHandler                   0x08000283   Thumb Code     0  startup_stm32f746xx.o(.text)
    OTG_HS_EP1_IN_IRQHandler                 0x08000283   Thumb Code     0  startup_stm32f746xx.o(.text)
    OTG_HS_EP1_OUT_IRQHandler                0x08000283   Thumb Code     0  startup_stm32f746xx.o(.text)
    OTG_HS_IRQHandler                        0x08000283   Thumb Code     0  startup_stm32f746xx.o(.text)
    OTG_HS_WKUP_IRQHandler                   0x08000283   Thumb Code     0  startup_stm32f746xx.o(.text)
    PVD_IRQHandler                           0x08000283   Thumb Code     0  startup_stm32f746xx.o(.text)
    QUADSPI_IRQHandler                       0x08000283   Thumb Code     0  startup_stm32f746xx.o(.text)
    RCC_IRQHandler                           0x08000283   Thumb Code     0  startup_stm32f746xx.o(.text)
    RNG_IRQHandler                           0x08000283   Thumb Code     0  startup_stm32f746xx.o(.text)
    RTC_Alarm_IRQHandler                     0x08000283   Thumb Code     0  startup_stm32f746xx.o(.text)
    RTC_WKUP_IRQHandler                      0x08000283   Thumb Code     0  startup_stm32f746xx.o(.text)
    SAI1_IRQHandler                          0x08000283   Thumb Code     0  startup_stm32f746xx.o(.text)
    SAI2_IRQHandler                          0x08000283   Thumb Code     0  startup_stm32f746xx.o(.text)
    SDMMC1_IRQHandler                        0x08000283   Thumb Code     0  startup_stm32f746xx.o(.text)
    SPDIF_RX_IRQHandler                      0x08000283   Thumb Code     0  startup_stm32f746xx.o(.text)
    SPI1_IRQHandler                          0x08000283   Thumb Code     0  startup_stm32f746xx.o(.text)
    SPI2_IRQHandler                          0x08000283   Thumb Code     0  startup_stm32f746xx.o(.text)
    SPI3_IRQHandler                          0x08000283   Thumb Code     0  startup_stm32f746xx.o(.text)
    SPI4_IRQHandler                          0x08000283   Thumb Code     0  startup_stm32f746xx.o(.text)
    SPI5_IRQHandler                          0x08000283   Thumb Code     0  startup_stm32f746xx.o(.text)
    SPI6_IRQHandler                          0x08000283   Thumb Code     0  startup_stm32f746xx.o(.text)
    TAMP_STAMP_IRQHandler                    0x08000283   Thumb Code     0  startup_stm32f746xx.o(.text)
    TIM1_BRK_TIM9_IRQHandler                 0x08000283   Thumb Code     0  startup_stm32f746xx.o(.text)
    TIM1_CC_IRQHandler                       0x08000283   Thumb Code     0  startup_stm32f746xx.o(.text)
    TIM1_TRG_COM_TIM11_IRQHandler            0x08000283   Thumb Code     0  startup_stm32f746xx.o(.text)
    TIM1_UP_TIM10_IRQHandler                 0x08000283   Thumb Code     0  startup_stm32f746xx.o(.text)
    TIM2_IRQHandler                          0x08000283   Thumb Code     0  startup_stm32f746xx.o(.text)
    TIM3_IRQHandler                          0x08000283   Thumb Code     0  startup_stm32f746xx.o(.text)
    TIM4_IRQHandler                          0x08000283   Thumb Code     0  startup_stm32f746xx.o(.text)
    TIM5_IRQHandler                          0x08000283   Thumb Code     0  startup_stm32f746xx.o(.text)
    TIM6_DAC_IRQHandler                      0x08000283   Thumb Code     0  startup_stm32f746xx.o(.text)
    TIM7_IRQHandler                          0x08000283   Thumb Code     0  startup_stm32f746xx.o(.text)
    TIM8_BRK_TIM12_IRQHandler                0x08000283   Thumb Code     0  startup_stm32f746xx.o(.text)
    TIM8_CC_IRQHandler                       0x08000283   Thumb Code     0  startup_stm32f746xx.o(.text)
    TIM8_TRG_COM_TIM14_IRQHandler            0x08000283   Thumb Code     0  startup_stm32f746xx.o(.text)
    TIM8_UP_TIM13_IRQHandler                 0x08000283   Thumb Code     0  startup_stm32f746xx.o(.text)
    UART4_IRQHandler                         0x08000283   Thumb Code     0  startup_stm32f746xx.o(.text)
    UART5_IRQHandler                         0x08000283   Thumb Code     0  startup_stm32f746xx.o(.text)
    UART7_IRQHandler                         0x08000283   Thumb Code     0  startup_stm32f746xx.o(.text)
    UART8_IRQHandler                         0x08000283   Thumb Code     0  startup_stm32f746xx.o(.text)
    USART2_IRQHandler                        0x08000283   Thumb Code     0  startup_stm32f746xx.o(.text)
    USART3_IRQHandler                        0x08000283   Thumb Code     0  startup_stm32f746xx.o(.text)
    USART6_IRQHandler                        0x08000283   Thumb Code     0  startup_stm32f746xx.o(.text)
    WWDG_IRQHandler                          0x08000283   Thumb Code     0  startup_stm32f746xx.o(.text)
    __user_initial_stackheap                 0x08000285   Thumb Code     0  startup_stm32f746xx.o(.text)
    __use_two_region_memory                  0x080002a9   Thumb Code     2  heapauxi.o(.text)
    __rt_heap_escrow$2region                 0x080002ab   Thumb Code     2  heapauxi.o(.text)
    __rt_heap_expand$2region                 0x080002ad   Thumb Code     2  heapauxi.o(.text)
    __user_setup_stackheap                   0x080002af   Thumb Code    74  sys_stackheap_outer.o(.text)
    exit                                     0x080002f9   Thumb Code    12  exit.o(.text)
    __user_libspace                          0x08000305   Thumb Code     8  libspace.o(.text)
    __user_perproc_libspace                  0x08000305   Thumb Code     0  libspace.o(.text)
    __user_perthread_libspace                0x08000305   Thumb Code     0  libspace.o(.text)
    _sys_exit                                0x0800030d   Thumb Code     8  sys_exit.o(.text)
    __I$use$semihosting                      0x08000319   Thumb Code     0  use_no_semi.o(.text)
    __use_no_semihosting_swi                 0x08000319   Thumb Code     2  use_no_semi.o(.text)
    BusFault_Handler                         0x0800031b   Thumb Code     4  stm32f7xx_it.o(i.BusFault_Handler)
    __semihosting_library_function           0x0800031b   Thumb Code     0  indicate_semi.o(.text)
    DebugMon_Handler                         0x0800031f   Thumb Code     2  stm32f7xx_it.o(i.DebugMon_Handler)
    EXTI15_10_IRQHandler                     0x08000321   Thumb Code    18  button.o(i.EXTI15_10_IRQHandler)
    HAL_GPIO_Init                            0x0800033d   Thumb Code   484  stm32f7xx_hal_gpio.o(i.HAL_GPIO_Init)
    HAL_GPIO_TogglePin                       0x08000555   Thumb Code     8  stm32f7xx_hal_gpio.o(i.HAL_GPIO_TogglePin)
    HAL_GPIO_WritePin                        0x0800055d   Thumb Code    12  stm32f7xx_hal_gpio.o(i.HAL_GPIO_WritePin)
    HAL_GetTick                              0x08000569   Thumb Code     6  stm32f7xx_hal.o(i.HAL_GetTick)
    HAL_IncTick                              0x08000575   Thumb Code    12  stm32f7xx_hal.o(i.HAL_IncTick)
    HAL_Init                                 0x08000585   Thumb Code    34  stm32f7xx_hal.o(i.HAL_Init)
    HAL_InitTick                             0x080005ad   Thumb Code    36  stm32f7xx_hal.o(i.HAL_InitTick)
    HAL_MspInit                              0x080005d1   Thumb Code     2  stm32f7xx_hal.o(i.HAL_MspInit)
    HAL_NVIC_SetPriority                     0x080005d3   Thumb Code   124  stm32f7xx_hal_cortex.o(i.HAL_NVIC_SetPriority)
    HAL_NVIC_SetPriorityGrouping             0x08000651   Thumb Code    32  stm32f7xx_hal_cortex.o(i.HAL_NVIC_SetPriorityGrouping)
    HAL_PWREx_EnableOverDrive                0x08000679   Thumb Code   136  stm32f7xx_hal_pwr_ex.o(i.HAL_PWREx_EnableOverDrive)
    HAL_RCC_ClockConfig                      0x08000709   Thumb Code   608  stm32f7xx_hal_rcc.o(i.HAL_RCC_ClockConfig)
    HAL_RCC_GetHCLKFreq                      0x08000971   Thumb Code    42  stm32f7xx_hal_rcc.o(i.HAL_RCC_GetHCLKFreq)
    HAL_RCC_GetPCLK1Freq                     0x080009a9   Thumb Code    36  stm32f7xx_hal_rcc.o(i.HAL_RCC_GetPCLK1Freq)
    HAL_RCC_GetPCLK2Freq                     0x080009d5   Thumb Code    36  stm32f7xx_hal_rcc.o(i.HAL_RCC_GetPCLK2Freq)
    HAL_RCC_GetSysClockFreq                  0x08000a01   Thumb Code   168  stm32f7xx_hal_rcc.o(i.HAL_RCC_GetSysClockFreq)
    HAL_RCC_OscConfig                        0x08000ab5   Thumb Code  1356  stm32f7xx_hal_rcc.o(i.HAL_RCC_OscConfig)
    HAL_SYSTICK_Config                       0x08001005   Thumb Code    52  stm32f7xx_hal_cortex.o(i.HAL_SYSTICK_Config)
    HAL_UART_Init                            0x08001039   Thumb Code   120  stm32f7xx_hal_uart.o(i.HAL_UART_Init)
    HAL_UART_MspInit                         0x080010b1   Thumb Code     2  stm32f7xx_hal_uart.o(i.HAL_UART_MspInit)
    HardFault_Handler                        0x080010b3   Thumb Code     4  stm32f7xx_it.o(i.HardFault_Handler)
    MemManage_Handler                        0x080010b7   Thumb Code     4  stm32f7xx_it.o(i.MemManage_Handler)
    NMI_Handler                              0x080010bb   Thumb Code     2  stm32f7xx_it.o(i.NMI_Handler)
    PendSV_Handler                           0x080010f5   Thumb Code     2  stm32f7xx_it.o(i.PendSV_Handler)
    SVC_Handler                              0x080010f7   Thumb Code     2  stm32f7xx_it.o(i.SVC_Handler)
    SysTick_Handler                          0x080010f9   Thumb Code     8  stm32f7xx_it.o(i.SysTick_Handler)
    SystemClock_Config                       0x08001101   Thumb Code    88  hal.o(i.SystemClock_Config)
    SystemInit                               0x08001159   Thumb Code    82  system_stm32f7xx.o(i.SystemInit)
    UART_AdvFeatureConfig                    0x080011bd   Thumb Code   234  stm32f7xx_hal_uart.o(i.UART_AdvFeatureConfig)
    UART_CheckIdleState                      0x080012a7   Thumb Code    92  stm32f7xx_hal_uart.o(i.UART_CheckIdleState)
    UART_SetConfig                           0x08001305   Thumb Code   808  stm32f7xx_hal_uart.o(i.UART_SetConfig)
    UART_WaitOnFlagUntilTimeout              0x0800165d   Thumb Code   246  stm32f7xx_hal_uart.o(i.UART_WaitOnFlagUntilTimeout)
    USART1_IRQHandler                        0x08001755   Thumb Code    36  uart.o(i.USART1_IRQHandler)
    UsageFault_Handler                       0x08001791   Thumb Code     4  stm32f7xx_it.o(i.UsageFault_Handler)
    button_init                              0x08001795   Thumb Code    58  button.o(i.button_init)
    halLib_Init                              0x080017dd   Thumb Code    16  hal.o(i.halLib_Init)
    ledOff                                   0x080017ed   Thumb Code    14  led.o(i.ledOff)
    ledOn                                    0x08001801   Thumb Code    14  led.o(i.ledOn)
    ledToggle                                0x08001815   Thumb Code    12  led.o(i.ledToggle)
    led_port_init                            0x08001825   Thumb Code    58  led.o(i.led_port_init)
    main                                     0x08001869   Thumb Code    26  main.o(i.main)
    setButtonIrqFunc                         0x0800189d   Thumb Code    72  button.o(i.setButtonIrqFunc)
    setIrqFunc                               0x080018f1   Thumb Code    48  uart.o(i.setIrqFunc)
    uartWrite                                0x08001929   Thumb Code    20  uart.o(i.uartWrite)
    uartWriteS                               0x08001941   Thumb Code    38  uart.o(i.uartWriteS)
    uart_init                                0x0800196d   Thumb Code   264  uart.o(i.uart_init)
    _fp_init                                 0x08001a91   Thumb Code    10  fpinit.o(x$fpl$fpinit)
    __fplib_config_fpu_vfp                   0x08001a99   Thumb Code     0  fpinit.o(x$fpl$fpinit)
    __fplib_config_pureend_doubles           0x08001a99   Thumb Code     0  fpinit.o(x$fpl$fpinit)
    halLib                                   0x08001a9c   Data          44  hal.o(.constdata)
    APBAHBPrescTable                         0x08001ac8   Data          16  stm32f7xx_hal_rcc.o(.constdata)
    Region$$Table$$Base                      0x08001ad8   Number         0  anon$$obj.o(Region$$Table)
    Region$$Table$$Limit                     0x08001af8   Number         0  anon$$obj.o(Region$$Table)
    sd_status                                0x20010000   Data           1  hal.o(.data)
    HAL                                      0x20010004   Data           4  hal.o(.data)
    temp                                     0x2001000c   Data           1  uart.o(.data)
    rx                                       0x2001000d   Data           1  uart.o(.data)
    SystemCoreClock                          0x20010014   Data           4  system_stm32f7xx.o(.data)
    USART_HandleStruct                       0x2001001c   Data         112  uart.o(.bss)
    __libspace_start                         0x2001008c   Data          96  libspace.o(.bss)
    __temporary_stack_top$libspace           0x200100ec   Data           0  libspace.o(.bss)



==============================================================================

Memory Map of the image

  Image Entry point : 0x08000269

  Load Region LR_1 (Base: 0x08000000, Size: 0x00001b14, Max: 0xffffffff, ABSOLUTE)

    Execution Region ER_RO (Base: 0x08000000, Size: 0x00001af8, Max: 0xffffffff, ABSOLUTE)

    Base Addr    Size         Type   Attr      Idx    E Section Name        Object

    0x08000000   0x000001c8   Data   RO         1064    RESET               startup_stm32f746xx.o
    0x080001c8   0x00000008   Code   RO         4588  * !!!main             c_w.l(__main.o)
    0x080001d0   0x00000034   Code   RO         4754    !!!scatter          c_w.l(__scatter.o)
    0x08000204   0x0000001a   Code   RO         4756    !!handler_copy      c_w.l(__scatter_copy.o)
    0x0800021e   0x00000002   PAD
    0x08000220   0x0000001c   Code   RO         4758    !!handler_zi        c_w.l(__scatter_zi.o)
    0x0800023c   0x00000002   Code   RO         4625    .ARM.Collect$$libinit$$00000000  c_w.l(libinit.o)
    0x0800023e   0x00000004   Code   RO         4637    .ARM.Collect$$libinit$$00000001  c_w.l(libinit2.o)
    0x08000242   0x00000000   Code   RO         4640    .ARM.Collect$$libinit$$00000004  c_w.l(libinit2.o)
    0x08000242   0x00000000   Code   RO         4643    .ARM.Collect$$libinit$$0000000A  c_w.l(libinit2.o)
    0x08000242   0x00000000   Code   RO         4645    .ARM.Collect$$libinit$$0000000C  c_w.l(libinit2.o)
    0x08000242   0x00000000   Code   RO         4647    .ARM.Collect$$libinit$$0000000E  c_w.l(libinit2.o)
    0x08000242   0x00000000   Code   RO         4650    .ARM.Collect$$libinit$$00000011  c_w.l(libinit2.o)
    0x08000242   0x00000000   Code   RO         4652    .ARM.Collect$$libinit$$00000013  c_w.l(libinit2.o)
    0x08000242   0x00000000   Code   RO         4654    .ARM.Collect$$libinit$$00000015  c_w.l(libinit2.o)
    0x08000242   0x00000000   Code   RO         4656    .ARM.Collect$$libinit$$00000017  c_w.l(libinit2.o)
    0x08000242   0x00000000   Code   RO         4658    .ARM.Collect$$libinit$$00000019  c_w.l(libinit2.o)
    0x08000242   0x00000000   Code   RO         4660    .ARM.Collect$$libinit$$0000001B  c_w.l(libinit2.o)
    0x08000242   0x00000000   Code   RO         4662    .ARM.Collect$$libinit$$0000001D  c_w.l(libinit2.o)
    0x08000242   0x00000000   Code   RO         4664    .ARM.Collect$$libinit$$0000001F  c_w.l(libinit2.o)
    0x08000242   0x00000000   Code   RO         4666    .ARM.Collect$$libinit$$00000021  c_w.l(libinit2.o)
    0x08000242   0x00000000   Code   RO         4668    .ARM.Collect$$libinit$$00000023  c_w.l(libinit2.o)
    0x08000242   0x00000000   Code   RO         4670    .ARM.Collect$$libinit$$00000025  c_w.l(libinit2.o)
    0x08000242   0x00000000   Code   RO         4674    .ARM.Collect$$libinit$$0000002C  c_w.l(libinit2.o)
    0x08000242   0x00000000   Code   RO         4676    .ARM.Collect$$libinit$$0000002E  c_w.l(libinit2.o)
    0x08000242   0x00000000   Code   RO         4678    .ARM.Collect$$libinit$$00000030  c_w.l(libinit2.o)
    0x08000242   0x00000000   Code   RO         4680    .ARM.Collect$$libinit$$00000032  c_w.l(libinit2.o)
    0x08000242   0x00000002   Code   RO         4681    .ARM.Collect$$libinit$$00000033  c_w.l(libinit2.o)
    0x08000244   0x00000002   Code   RO         4712    .ARM.Collect$$libshutdown$$00000000  c_w.l(libshutdown.o)
    0x08000246   0x00000000   Code   RO         4739    .ARM.Collect$$libshutdown$$00000003  c_w.l(libshutdown2.o)
    0x08000246   0x00000000   Code   RO         4742    .ARM.Collect$$libshutdown$$00000006  c_w.l(libshutdown2.o)
    0x08000246   0x00000000   Code   RO         4745    .ARM.Collect$$libshutdown$$00000009  c_w.l(libshutdown2.o)
    0x08000246   0x00000000   Code   RO         4747    .ARM.Collect$$libshutdown$$0000000B  c_w.l(libshutdown2.o)
    0x08000246   0x00000000   Code   RO         4750    .ARM.Collect$$libshutdown$$0000000E  c_w.l(libshutdown2.o)
    0x08000246   0x00000002   Code   RO         4751    .ARM.Collect$$libshutdown$$0000000F  c_w.l(libshutdown2.o)
    0x08000248   0x00000000   Code   RO         4590    .ARM.Collect$$rtentry$$00000000  c_w.l(__rtentry.o)
    0x08000248   0x00000000   Code   RO         4596    .ARM.Collect$$rtentry$$00000002  c_w.l(__rtentry2.o)
    0x08000248   0x00000006   Code   RO         4608    .ARM.Collect$$rtentry$$00000004  c_w.l(__rtentry4.o)
    0x0800024e   0x00000000   Code   RO         4598    .ARM.Collect$$rtentry$$00000009  c_w.l(__rtentry2.o)
    0x0800024e   0x00000004   Code   RO         4599    .ARM.Collect$$rtentry$$0000000A  c_w.l(__rtentry2.o)
    0x08000252   0x00000000   Code   RO         4601    .ARM.Collect$$rtentry$$0000000C  c_w.l(__rtentry2.o)
    0x08000252   0x00000008   Code   RO         4602    .ARM.Collect$$rtentry$$0000000D  c_w.l(__rtentry2.o)
    0x0800025a   0x00000002   Code   RO         4629    .ARM.Collect$$rtexit$$00000000  c_w.l(rtexit.o)
    0x0800025c   0x00000000   Code   RO         4685    .ARM.Collect$$rtexit$$00000002  c_w.l(rtexit2.o)
    0x0800025c   0x00000004   Code   RO         4686    .ARM.Collect$$rtexit$$00000003  c_w.l(rtexit2.o)
    0x08000260   0x00000006   Code   RO         4687    .ARM.Collect$$rtexit$$00000004  c_w.l(rtexit2.o)
    0x08000266   0x00000002   PAD
    0x08000268   0x00000040   Code   RO         1065  * .text               startup_stm32f746xx.o
    0x080002a8   0x00000006   Code   RO         4586    .text               c_w.l(heapauxi.o)
    0x080002ae   0x0000004a   Code   RO         4612    .text               c_w.l(sys_stackheap_outer.o)
    0x080002f8   0x0000000c   Code   RO         4614    .text               c_w.l(exit.o)
    0x08000304   0x00000008   Code   RO         4626    .text               c_w.l(libspace.o)
    0x0800030c   0x0000000c   Code   RO         4682    .text               c_w.l(sys_exit.o)
    0x08000318   0x00000002   Code   RO         4701    .text               c_w.l(use_no_semi.o)
    0x0800031a   0x00000000   Code   RO         4703    .text               c_w.l(indicate_semi.o)
    0x0800031a   0x00000004   Code   RO         1778    i.BusFault_Handler  stm32f7xx_it.o
    0x0800031e   0x00000002   Code   RO         1779    i.DebugMon_Handler  stm32f7xx_it.o
    0x08000320   0x0000001c   Code   RO          301    i.EXTI15_10_IRQHandler  button.o
    0x0800033c   0x00000218   Code   RO         1338    i.HAL_GPIO_Init     stm32f7xx_hal_gpio.o
    0x08000554   0x00000008   Code   RO         1341    i.HAL_GPIO_TogglePin  stm32f7xx_hal_gpio.o
    0x0800055c   0x0000000c   Code   RO         1342    i.HAL_GPIO_WritePin  stm32f7xx_hal_gpio.o
    0x08000568   0x0000000c   Code   RO         1087    i.HAL_GetTick       stm32f7xx_hal.o
    0x08000574   0x00000010   Code   RO         1088    i.HAL_IncTick       stm32f7xx_hal.o
    0x08000584   0x00000028   Code   RO         1089    i.HAL_Init          stm32f7xx_hal.o
    0x080005ac   0x00000024   Code   RO         1090    i.HAL_InitTick      stm32f7xx_hal.o
    0x080005d0   0x00000002   Code   RO         1092    i.HAL_MspInit       stm32f7xx_hal.o
    0x080005d2   0x0000007c   Code   RO         1446    i.HAL_NVIC_SetPriority  stm32f7xx_hal_cortex.o
    0x0800064e   0x00000002   PAD
    0x08000650   0x00000028   Code   RO         1447    i.HAL_NVIC_SetPriorityGrouping  stm32f7xx_hal_cortex.o
    0x08000678   0x00000090   Code   RO         1695    i.HAL_PWREx_EnableOverDrive  stm32f7xx_hal_pwr_ex.o
    0x08000708   0x00000268   Code   RO         1231    i.HAL_RCC_ClockConfig  stm32f7xx_hal_rcc.o
    0x08000970   0x00000038   Code   RO         1236    i.HAL_RCC_GetHCLKFreq  stm32f7xx_hal_rcc.o
    0x080009a8   0x0000002c   Code   RO         1238    i.HAL_RCC_GetPCLK1Freq  stm32f7xx_hal_rcc.o
    0x080009d4   0x0000002c   Code   RO         1239    i.HAL_RCC_GetPCLK2Freq  stm32f7xx_hal_rcc.o
    0x08000a00   0x000000b4   Code   RO         1240    i.HAL_RCC_GetSysClockFreq  stm32f7xx_hal_rcc.o
    0x08000ab4   0x00000550   Code   RO         1243    i.HAL_RCC_OscConfig  stm32f7xx_hal_rcc.o
    0x08001004   0x00000034   Code   RO         1451    i.HAL_SYSTICK_Config  stm32f7xx_hal_cortex.o
    0x08001038   0x00000078   Code   RO         1861    i.HAL_UART_Init     stm32f7xx_hal_uart.o
    0x080010b0   0x00000002   Code   RO         1863    i.HAL_UART_MspInit  stm32f7xx_hal_uart.o
    0x080010b2   0x00000004   Code   RO         1780    i.HardFault_Handler  stm32f7xx_it.o
    0x080010b6   0x00000004   Code   RO         1781    i.MemManage_Handler  stm32f7xx_it.o
    0x080010ba   0x00000002   Code   RO         1782    i.NMI_Handler       stm32f7xx_it.o
    0x080010bc   0x00000010   Code   RO         1453    i.NVIC_GetPriorityGrouping  stm32f7xx_hal_cortex.o
    0x080010cc   0x00000028   Code   RO         1454    i.NVIC_SetPriority  stm32f7xx_hal_cortex.o
    0x080010f4   0x00000002   Code   RO         1783    i.PendSV_Handler    stm32f7xx_it.o
    0x080010f6   0x00000002   Code   RO         1784    i.SVC_Handler       stm32f7xx_it.o
    0x080010f8   0x00000008   Code   RO         1785    i.SysTick_Handler   stm32f7xx_it.o
    0x08001100   0x00000058   Code   RO          222    i.SystemClock_Config  hal.o
    0x08001158   0x00000064   Code   RO          899    i.SystemInit        system_stm32f7xx.o
    0x080011bc   0x000000ea   Code   RO         1874    i.UART_AdvFeatureConfig  stm32f7xx_hal_uart.o
    0x080012a6   0x0000005c   Code   RO         1875    i.UART_CheckIdleState  stm32f7xx_hal_uart.o
    0x08001302   0x00000002   PAD
    0x08001304   0x00000358   Code   RO         1883    i.UART_SetConfig    stm32f7xx_hal_uart.o
    0x0800165c   0x000000f6   Code   RO         1885    i.UART_WaitOnFlagUntilTimeout  stm32f7xx_hal_uart.o
    0x08001752   0x00000002   PAD
    0x08001754   0x0000003c   Code   RO          343    i.USART1_IRQHandler  uart.o
    0x08001790   0x00000004   Code   RO         1786    i.UsageFault_Handler  stm32f7xx_it.o
    0x08001794   0x00000048   Code   RO          302    i.button_init       button.o
    0x080017dc   0x00000010   Code   RO          223    i.halLib_Init       hal.o
    0x080017ec   0x00000014   Code   RO          259    i.ledOff            led.o
    0x08001800   0x00000014   Code   RO          260    i.ledOn             led.o
    0x08001814   0x00000010   Code   RO          261    i.ledToggle         led.o
    0x08001824   0x00000044   Code   RO          262    i.led_port_init     led.o
    0x08001868   0x00000034   Code   RO            4    i.main              main.o
    0x0800189c   0x00000054   Code   RO          303    i.setButtonIrqFunc  button.o
    0x080018f0   0x00000038   Code   RO          344    i.setIrqFunc        uart.o
    0x08001928   0x00000018   Code   RO          345    i.uartWrite         uart.o
    0x08001940   0x0000002c   Code   RO          346    i.uartWriteS        uart.o
    0x0800196c   0x00000124   Code   RO          347    i.uart_init         uart.o
    0x08001a90   0x0000000a   Code   RO         4697    x$fpl$fpinit        fz_wm.l(fpinit.o)
    0x08001a9a   0x00000002   PAD
    0x08001a9c   0x0000002c   Data   RO          224    .constdata          hal.o
    0x08001ac8   0x00000010   Data   RO         1244    .constdata          stm32f7xx_hal_rcc.o
    0x08001ad8   0x00000020   Data   RO         4752    Region$$Table       anon$$obj.o


    Execution Region ER_RW (Base: 0x20010000, Size: 0x0000001c, Max: 0xffffffff, ABSOLUTE)

    Base Addr    Size         Type   Attr      Idx    E Section Name        Object

    0x20010000   0x00000008   Data   RW          225    .data               hal.o
    0x20010008   0x00000004   Data   RW          304    .data               button.o
    0x2001000c   0x00000008   Data   RW          349    .data               uart.o
    0x20010014   0x00000004   Data   RW          901    .data               system_stm32f7xx.o
    0x20010018   0x00000004   Data   RW         1095    .data               stm32f7xx_hal.o


    Execution Region ER_ZI (Base: 0x2001001c, Size: 0x000006d4, Max: 0xffffffff, ABSOLUTE)

    Base Addr    Size         Type   Attr      Idx    E Section Name        Object

    0x2001001c   0x00000070   Zero   RW          348    .bss                uart.o
    0x2001008c   0x00000060   Zero   RW         4627    .bss                c_w.l(libspace.o)
    0x200100ec   0x00000004   PAD
    0x200100f0   0x00000200   Zero   RW         1063    HEAP                startup_stm32f746xx.o
    0x200102f0   0x00000400   Zero   RW         1062    STACK               startup_stm32f746xx.o


==============================================================================

Image component sizes


      Code (inc. data)   RO Data    RW Data    ZI Data      Debug   Object Name

       184         36          0          4          0      33395   button.o
       104          0         44          8          0       2618   hal.o
       124         26          0          0          0       2269   led.o
        52         26          0          0          0     340095   main.o
        64         26        456          0       1536        860   startup_stm32f746xx.o
         0          0          0          0          0     312348   stm32f7_lcd.o
       106         16          0          4          0       3740   stm32f7xx_hal.o
       272         22          0          0          0      34646   stm32f7xx_hal_cortex.o
       556         52          0          0          0       3049   stm32f7xx_hal_gpio.o
       144          8          0          0          0       1288   stm32f7xx_hal_pwr_ex.o
      2300         64         16          0          0       6015   stm32f7xx_hal_rcc.o
      1550         48          0          0          0       5156   stm32f7xx_hal_uart.o
        32          0          0          0          0       4302   stm32f7xx_it.o
       100         18          0          4          0       1157   system_stm32f7xx.o
       476         70          0          8        112       3675   uart.o

    ----------------------------------------------------------------------
      6070        412        548         28       1648     754613   Object Totals
         0          0         32          0          0          0   (incl. Generated)
         6          0          0          0          0          0   (incl. Padding)

    ----------------------------------------------------------------------

      Code (inc. data)   RO Data    RW Data    ZI Data      Debug   Library Member Name

         8          0          0          0          0         68   __main.o
         0          0          0          0          0          0   __rtentry.o
        12          0          0          0          0          0   __rtentry2.o
         6          0          0          0          0          0   __rtentry4.o
        52          8          0          0          0          0   __scatter.o
        26          0          0          0          0          0   __scatter_copy.o
        28          0          0          0          0          0   __scatter_zi.o
        12          0          0          0          0         72   exit.o
         6          0          0          0          0        152   heapauxi.o
         0          0          0          0          0          0   indicate_semi.o
         2          0          0          0          0          0   libinit.o
         6          0          0          0          0          0   libinit2.o
         2          0          0          0          0          0   libshutdown.o
         2          0          0          0          0          0   libshutdown2.o
         8          4          0          0         96         68   libspace.o
         2          0          0          0          0          0   rtexit.o
        10          0          0          0          0          0   rtexit2.o
        12          4          0          0          0         68   sys_exit.o
        74          0          0          0          0         80   sys_stackheap_outer.o
         2          0          0          0          0         68   use_no_semi.o
        10          0          0          0          0        116   fpinit.o

    ----------------------------------------------------------------------
       286         16          0          0        100        692   Library Totals
         6          0          0          0          4          0   (incl. Padding)

    ----------------------------------------------------------------------

      Code (inc. data)   RO Data    RW Data    ZI Data      Debug   Library Name

       270         16          0          0         96        576   c_w.l
        10          0          0          0          0        116   fz_wm.l

    ----------------------------------------------------------------------
       286         16          0          0        100        692   Library Totals

    ----------------------------------------------------------------------

==============================================================================


      Code (inc. data)   RO Data    RW Data    ZI Data      Debug   

      6356        428        548         28       1748     750549   Grand Totals
      6356        428        548         28       1748     750549   ELF Image Totals
      6356        428        548         28          0          0   ROM Totals

==============================================================================

    Total RO  Size (Code + RO Data)                 6904 (   6.74kB)
    Total RW  Size (RW Data + ZI Data)              1776 (   1.73kB)
    Total ROM Size (Code + RO Data + RW Data)       6932 (   6.77kB)

==============================================================================

